Archive member included to satisfy reference by file (symbol)

/Users/alfme/Documents/Docs/Programmering/builds/arm-compiler/bin/../lib/gcc/arm-none-eabi/5.4.1/../../../../arm-none-eabi/lib/armv7-m/libc.a(lib_a-exit.o)
                              /Users/alfme/Documents/Docs/Programmering/builds/arm-compiler/bin/../lib/gcc/arm-none-eabi/5.4.1/../../../../arm-none-eabi/lib/armv7-m/crt0.o (exit)
/Users/alfme/Documents/Docs/Programmering/builds/arm-compiler/bin/../lib/gcc/arm-none-eabi/5.4.1/../../../../arm-none-eabi/lib/armv7-m/libc.a(lib_a-impure.o)
                              /Users/alfme/Documents/Docs/Programmering/builds/arm-compiler/bin/../lib/gcc/arm-none-eabi/5.4.1/../../../../arm-none-eabi/lib/armv7-m/libc.a(lib_a-exit.o) (_global_impure_ptr)
/Users/alfme/Documents/Docs/Programmering/builds/arm-compiler/bin/../lib/gcc/arm-none-eabi/5.4.1/../../../../arm-none-eabi/lib/armv7-m/libc.a(lib_a-init.o)
                              /Users/alfme/Documents/Docs/Programmering/builds/arm-compiler/bin/../lib/gcc/arm-none-eabi/5.4.1/../../../../arm-none-eabi/lib/armv7-m/crt0.o (__libc_init_array)
/Users/alfme/Documents/Docs/Programmering/builds/arm-compiler/bin/../lib/gcc/arm-none-eabi/5.4.1/../../../../arm-none-eabi/lib/armv7-m/libc.a(lib_a-memset.o)
                              /Users/alfme/Documents/Docs/Programmering/builds/arm-compiler/bin/../lib/gcc/arm-none-eabi/5.4.1/../../../../arm-none-eabi/lib/armv7-m/crt0.o (memset)
/Users/alfme/Documents/Docs/Programmering/builds/arm-compiler/bin/../lib/gcc/arm-none-eabi/5.4.1/../../../../arm-none-eabi/lib/armv7-m/libc.a(lib_a-__call_atexit.o)
                              /Users/alfme/Documents/Docs/Programmering/builds/arm-compiler/bin/../lib/gcc/arm-none-eabi/5.4.1/../../../../arm-none-eabi/lib/armv7-m/libc.a(lib_a-exit.o) (__call_exitprocs)
/Users/alfme/Documents/Docs/Programmering/builds/arm-compiler/bin/../lib/gcc/arm-none-eabi/5.4.1/../../../../arm-none-eabi/lib/armv7-m/libc.a(lib_a-atexit.o)
                              /Users/alfme/Documents/Docs/Programmering/builds/arm-compiler/bin/../lib/gcc/arm-none-eabi/5.4.1/../../../../arm-none-eabi/lib/armv7-m/libc.a(lib_a-__call_atexit.o) (atexit)
/Users/alfme/Documents/Docs/Programmering/builds/arm-compiler/bin/../lib/gcc/arm-none-eabi/5.4.1/../../../../arm-none-eabi/lib/armv7-m/libc.a(lib_a-fini.o)
                              /Users/alfme/Documents/Docs/Programmering/builds/arm-compiler/bin/../lib/gcc/arm-none-eabi/5.4.1/../../../../arm-none-eabi/lib/armv7-m/libc.a(lib_a-__call_atexit.o) (__libc_fini_array)
/Users/alfme/Documents/Docs/Programmering/builds/arm-compiler/bin/../lib/gcc/arm-none-eabi/5.4.1/../../../../arm-none-eabi/lib/armv7-m/libc.a(lib_a-__atexit.o)
                              /Users/alfme/Documents/Docs/Programmering/builds/arm-compiler/bin/../lib/gcc/arm-none-eabi/5.4.1/../../../../arm-none-eabi/lib/armv7-m/libc.a(lib_a-atexit.o) (__register_exitproc)
/Users/alfme/Documents/Docs/Programmering/builds/arm-compiler/bin/../lib/gcc/arm-none-eabi/5.4.1/../../../../arm-none-eabi/lib/armv7-m/libnosys.a(_exit.o)
                              /Users/alfme/Documents/Docs/Programmering/builds/arm-compiler/bin/../lib/gcc/arm-none-eabi/5.4.1/../../../../arm-none-eabi/lib/armv7-m/libc.a(lib_a-exit.o) (_exit)

Allocating common symbols
Common symbol       size              file

SystemCoreClock     0x4               build/system_efm32gg.o

Discarded input sections

 .text          0x0000000000000000        0x0 /Users/alfme/Documents/Docs/Programmering/builds/arm-compiler/bin/../lib/gcc/arm-none-eabi/5.4.1/armv7-m/crti.o
 .data          0x0000000000000000        0x0 /Users/alfme/Documents/Docs/Programmering/builds/arm-compiler/bin/../lib/gcc/arm-none-eabi/5.4.1/armv7-m/crti.o
 .bss           0x0000000000000000        0x0 /Users/alfme/Documents/Docs/Programmering/builds/arm-compiler/bin/../lib/gcc/arm-none-eabi/5.4.1/armv7-m/crti.o
 .data          0x0000000000000000        0x4 /Users/alfme/Documents/Docs/Programmering/builds/arm-compiler/bin/../lib/gcc/arm-none-eabi/5.4.1/armv7-m/crtbegin.o
 .data          0x0000000000000000        0x0 /Users/alfme/Documents/Docs/Programmering/builds/arm-compiler/bin/../lib/gcc/arm-none-eabi/5.4.1/../../../../arm-none-eabi/lib/armv7-m/crt0.o
 .bss           0x0000000000000000        0x0 /Users/alfme/Documents/Docs/Programmering/builds/arm-compiler/bin/../lib/gcc/arm-none-eabi/5.4.1/../../../../arm-none-eabi/lib/armv7-m/crt0.o
 .ARM.extab     0x0000000000000000        0x0 /Users/alfme/Documents/Docs/Programmering/builds/arm-compiler/bin/../lib/gcc/arm-none-eabi/5.4.1/../../../../arm-none-eabi/lib/armv7-m/crt0.o
 .text          0x0000000000000000        0x0 build/main.o
 .data          0x0000000000000000        0x0 build/main.o
 .bss           0x0000000000000000        0x0 build/main.o
 .text          0x0000000000000000        0x0 build/system_efm32gg.o
 .data          0x0000000000000000        0x0 build/system_efm32gg.o
 .bss           0x0000000000000000        0x0 build/system_efm32gg.o
 .data.SystemHFXOClock
                0x0000000000000000        0x4 build/system_efm32gg.o
 .data.SystemLFXOClock
                0x0000000000000000        0x4 build/system_efm32gg.o
 .text.GetProdRev
                0x0000000000000000       0x14 build/system_efm32gg.o
 .text.SystemCoreClockGet
                0x0000000000000000       0x34 build/system_efm32gg.o
 .text.SystemMaxCoreClockGet
                0x0000000000000000        0xc build/system_efm32gg.o
 .text.SystemHFClockGet
                0x0000000000000000      0x100 build/system_efm32gg.o
 .text.SystemHFXOClockGet
                0x0000000000000000        0xc build/system_efm32gg.o
 .text.SystemHFXOClockSet
                0x0000000000000000       0x2c build/system_efm32gg.o
 .text.SystemLFRCOClockGet
                0x0000000000000000        0x8 build/system_efm32gg.o
 .text.SystemULFRCOClockGet
                0x0000000000000000        0x8 build/system_efm32gg.o
 .text.SystemLFXOClockGet
                0x0000000000000000        0xc build/system_efm32gg.o
 .text.SystemLFXOClockSet
                0x0000000000000000       0x2c build/system_efm32gg.o
 COMMON         0x0000000000000000        0x4 build/system_efm32gg.o
 .data          0x0000000000000000        0x0 build/startup_efm32gg.o
 .bss           0x0000000000000000        0x0 build/startup_efm32gg.o
 .text          0x0000000000000000        0x0 /Users/alfme/Documents/Docs/Programmering/builds/arm-compiler/bin/../lib/gcc/arm-none-eabi/5.4.1/../../../../arm-none-eabi/lib/armv7-m/libc.a(lib_a-exit.o)
 .data          0x0000000000000000        0x0 /Users/alfme/Documents/Docs/Programmering/builds/arm-compiler/bin/../lib/gcc/arm-none-eabi/5.4.1/../../../../arm-none-eabi/lib/armv7-m/libc.a(lib_a-exit.o)
 .bss           0x0000000000000000        0x0 /Users/alfme/Documents/Docs/Programmering/builds/arm-compiler/bin/../lib/gcc/arm-none-eabi/5.4.1/../../../../arm-none-eabi/lib/armv7-m/libc.a(lib_a-exit.o)
 .text          0x0000000000000000        0x0 /Users/alfme/Documents/Docs/Programmering/builds/arm-compiler/bin/../lib/gcc/arm-none-eabi/5.4.1/../../../../arm-none-eabi/lib/armv7-m/libc.a(lib_a-impure.o)
 .data          0x0000000000000000        0x0 /Users/alfme/Documents/Docs/Programmering/builds/arm-compiler/bin/../lib/gcc/arm-none-eabi/5.4.1/../../../../arm-none-eabi/lib/armv7-m/libc.a(lib_a-impure.o)
 .bss           0x0000000000000000        0x0 /Users/alfme/Documents/Docs/Programmering/builds/arm-compiler/bin/../lib/gcc/arm-none-eabi/5.4.1/../../../../arm-none-eabi/lib/armv7-m/libc.a(lib_a-impure.o)
 .data._impure_ptr
                0x0000000000000000        0x4 /Users/alfme/Documents/Docs/Programmering/builds/arm-compiler/bin/../lib/gcc/arm-none-eabi/5.4.1/../../../../arm-none-eabi/lib/armv7-m/libc.a(lib_a-impure.o)
 .text          0x0000000000000000        0x0 /Users/alfme/Documents/Docs/Programmering/builds/arm-compiler/bin/../lib/gcc/arm-none-eabi/5.4.1/../../../../arm-none-eabi/lib/armv7-m/libc.a(lib_a-init.o)
 .data          0x0000000000000000        0x0 /Users/alfme/Documents/Docs/Programmering/builds/arm-compiler/bin/../lib/gcc/arm-none-eabi/5.4.1/../../../../arm-none-eabi/lib/armv7-m/libc.a(lib_a-init.o)
 .bss           0x0000000000000000        0x0 /Users/alfme/Documents/Docs/Programmering/builds/arm-compiler/bin/../lib/gcc/arm-none-eabi/5.4.1/../../../../arm-none-eabi/lib/armv7-m/libc.a(lib_a-init.o)
 .text          0x0000000000000000        0x0 /Users/alfme/Documents/Docs/Programmering/builds/arm-compiler/bin/../lib/gcc/arm-none-eabi/5.4.1/../../../../arm-none-eabi/lib/armv7-m/libc.a(lib_a-memset.o)
 .data          0x0000000000000000        0x0 /Users/alfme/Documents/Docs/Programmering/builds/arm-compiler/bin/../lib/gcc/arm-none-eabi/5.4.1/../../../../arm-none-eabi/lib/armv7-m/libc.a(lib_a-memset.o)
 .bss           0x0000000000000000        0x0 /Users/alfme/Documents/Docs/Programmering/builds/arm-compiler/bin/../lib/gcc/arm-none-eabi/5.4.1/../../../../arm-none-eabi/lib/armv7-m/libc.a(lib_a-memset.o)
 .text          0x0000000000000000        0x0 /Users/alfme/Documents/Docs/Programmering/builds/arm-compiler/bin/../lib/gcc/arm-none-eabi/5.4.1/../../../../arm-none-eabi/lib/armv7-m/libc.a(lib_a-__call_atexit.o)
 .data          0x0000000000000000        0x0 /Users/alfme/Documents/Docs/Programmering/builds/arm-compiler/bin/../lib/gcc/arm-none-eabi/5.4.1/../../../../arm-none-eabi/lib/armv7-m/libc.a(lib_a-__call_atexit.o)
 .bss           0x0000000000000000        0x0 /Users/alfme/Documents/Docs/Programmering/builds/arm-compiler/bin/../lib/gcc/arm-none-eabi/5.4.1/../../../../arm-none-eabi/lib/armv7-m/libc.a(lib_a-__call_atexit.o)
 .text          0x0000000000000000        0x0 /Users/alfme/Documents/Docs/Programmering/builds/arm-compiler/bin/../lib/gcc/arm-none-eabi/5.4.1/../../../../arm-none-eabi/lib/armv7-m/libc.a(lib_a-atexit.o)
 .data          0x0000000000000000        0x0 /Users/alfme/Documents/Docs/Programmering/builds/arm-compiler/bin/../lib/gcc/arm-none-eabi/5.4.1/../../../../arm-none-eabi/lib/armv7-m/libc.a(lib_a-atexit.o)
 .bss           0x0000000000000000        0x0 /Users/alfme/Documents/Docs/Programmering/builds/arm-compiler/bin/../lib/gcc/arm-none-eabi/5.4.1/../../../../arm-none-eabi/lib/armv7-m/libc.a(lib_a-atexit.o)
 .text          0x0000000000000000        0x0 /Users/alfme/Documents/Docs/Programmering/builds/arm-compiler/bin/../lib/gcc/arm-none-eabi/5.4.1/../../../../arm-none-eabi/lib/armv7-m/libc.a(lib_a-fini.o)
 .data          0x0000000000000000        0x0 /Users/alfme/Documents/Docs/Programmering/builds/arm-compiler/bin/../lib/gcc/arm-none-eabi/5.4.1/../../../../arm-none-eabi/lib/armv7-m/libc.a(lib_a-fini.o)
 .bss           0x0000000000000000        0x0 /Users/alfme/Documents/Docs/Programmering/builds/arm-compiler/bin/../lib/gcc/arm-none-eabi/5.4.1/../../../../arm-none-eabi/lib/armv7-m/libc.a(lib_a-fini.o)
 .text          0x0000000000000000        0x0 /Users/alfme/Documents/Docs/Programmering/builds/arm-compiler/bin/../lib/gcc/arm-none-eabi/5.4.1/../../../../arm-none-eabi/lib/armv7-m/libc.a(lib_a-__atexit.o)
 .data          0x0000000000000000        0x0 /Users/alfme/Documents/Docs/Programmering/builds/arm-compiler/bin/../lib/gcc/arm-none-eabi/5.4.1/../../../../arm-none-eabi/lib/armv7-m/libc.a(lib_a-__atexit.o)
 .bss           0x0000000000000000        0x0 /Users/alfme/Documents/Docs/Programmering/builds/arm-compiler/bin/../lib/gcc/arm-none-eabi/5.4.1/../../../../arm-none-eabi/lib/armv7-m/libc.a(lib_a-__atexit.o)
 .text          0x0000000000000000        0x0 /Users/alfme/Documents/Docs/Programmering/builds/arm-compiler/bin/../lib/gcc/arm-none-eabi/5.4.1/../../../../arm-none-eabi/lib/armv7-m/libnosys.a(_exit.o)
 .data          0x0000000000000000        0x0 /Users/alfme/Documents/Docs/Programmering/builds/arm-compiler/bin/../lib/gcc/arm-none-eabi/5.4.1/../../../../arm-none-eabi/lib/armv7-m/libnosys.a(_exit.o)
 .bss           0x0000000000000000        0x0 /Users/alfme/Documents/Docs/Programmering/builds/arm-compiler/bin/../lib/gcc/arm-none-eabi/5.4.1/../../../../arm-none-eabi/lib/armv7-m/libnosys.a(_exit.o)
 .text          0x0000000000000000        0x0 /Users/alfme/Documents/Docs/Programmering/builds/arm-compiler/bin/../lib/gcc/arm-none-eabi/5.4.1/armv7-m/crtend.o
 .data          0x0000000000000000        0x0 /Users/alfme/Documents/Docs/Programmering/builds/arm-compiler/bin/../lib/gcc/arm-none-eabi/5.4.1/armv7-m/crtend.o
 .bss           0x0000000000000000        0x0 /Users/alfme/Documents/Docs/Programmering/builds/arm-compiler/bin/../lib/gcc/arm-none-eabi/5.4.1/armv7-m/crtend.o
 .text          0x0000000000000000        0x0 /Users/alfme/Documents/Docs/Programmering/builds/arm-compiler/bin/../lib/gcc/arm-none-eabi/5.4.1/armv7-m/crtn.o
 .data          0x0000000000000000        0x0 /Users/alfme/Documents/Docs/Programmering/builds/arm-compiler/bin/../lib/gcc/arm-none-eabi/5.4.1/armv7-m/crtn.o
 .bss           0x0000000000000000        0x0 /Users/alfme/Documents/Docs/Programmering/builds/arm-compiler/bin/../lib/gcc/arm-none-eabi/5.4.1/armv7-m/crtn.o

Memory Configuration

Name             Origin             Length             Attributes
FLASH            0x0000000000000000 0x0000000000100000 xr
RAM              0x0000000020000000 0x0000000000020000 xrw
*default*        0x0000000000000000 0xffffffffffffffff

Linker script and memory map

LOAD /Users/alfme/Documents/Docs/Programmering/builds/arm-compiler/bin/../lib/gcc/arm-none-eabi/5.4.1/armv7-m/crti.o
LOAD /Users/alfme/Documents/Docs/Programmering/builds/arm-compiler/bin/../lib/gcc/arm-none-eabi/5.4.1/armv7-m/crtbegin.o
LOAD /Users/alfme/Documents/Docs/Programmering/builds/arm-compiler/bin/../lib/gcc/arm-none-eabi/5.4.1/../../../../arm-none-eabi/lib/armv7-m/crt0.o
LOAD build/main.o
LOAD build/system_efm32gg.o
LOAD build/startup_efm32gg.o
START GROUP
LOAD /Users/alfme/Documents/Docs/Programmering/builds/arm-compiler/bin/../lib/gcc/arm-none-eabi/5.4.1/armv7-m/libgcc.a
LOAD /Users/alfme/Documents/Docs/Programmering/builds/arm-compiler/bin/../lib/gcc/arm-none-eabi/5.4.1/../../../../arm-none-eabi/lib/armv7-m/libc.a
LOAD /Users/alfme/Documents/Docs/Programmering/builds/arm-compiler/bin/../lib/gcc/arm-none-eabi/5.4.1/../../../../arm-none-eabi/lib/armv7-m/libnosys.a
END GROUP
START GROUP
LOAD /Users/alfme/Documents/Docs/Programmering/builds/arm-compiler/bin/../lib/gcc/arm-none-eabi/5.4.1/armv7-m/libgcc.a
LOAD /Users/alfme/Documents/Docs/Programmering/builds/arm-compiler/bin/../lib/gcc/arm-none-eabi/5.4.1/../../../../arm-none-eabi/lib/armv7-m/libc.a
END GROUP
LOAD /Users/alfme/Documents/Docs/Programmering/builds/arm-compiler/bin/../lib/gcc/arm-none-eabi/5.4.1/armv7-m/crtend.o
LOAD /Users/alfme/Documents/Docs/Programmering/builds/arm-compiler/bin/../lib/gcc/arm-none-eabi/5.4.1/armv7-m/crtn.o

.text           0x0000000000000000      0x504
 *(.vectors)
 .vectors       0x0000000000000000       0xdc build/startup_efm32gg.o
                0x0000000000000000                __Vectors
                0x00000000000000dc                __Vectors_End = .
                0x00000000000000dc                __Vectors_Size = (__Vectors_End - __Vectors)
                0x00000000000000dc                __end__ = .
 *(.text*)
 .text          0x00000000000000dc       0x5c /Users/alfme/Documents/Docs/Programmering/builds/arm-compiler/bin/../lib/gcc/arm-none-eabi/5.4.1/armv7-m/crtbegin.o
 .text          0x0000000000000138       0x74 /Users/alfme/Documents/Docs/Programmering/builds/arm-compiler/bin/../lib/gcc/arm-none-eabi/5.4.1/../../../../arm-none-eabi/lib/armv7-m/crt0.o
                0x0000000000000138                _mainCRTStartup
                0x0000000000000138                _start
 .text.GPIO_IntClear
                0x00000000000001ac       0x18 build/main.o
 .text.GPIO_ODD_IRQHandler
                0x00000000000001c4       0x10 build/main.o
                0x00000000000001c4                GPIO_ODD_IRQHandler
 .text.main     0x00000000000001d4        0x8 build/main.o
                0x00000000000001d4                main
 .text.SystemInit
                0x00000000000001dc        0x4 build/system_efm32gg.o
                0x00000000000001dc                SystemInit
 .text          0x00000000000001e0       0x30 build/startup_efm32gg.o
                0x00000000000001e0                Reset_Handler
                0x000000000000020c                DebugMon_Handler
                0x000000000000020c                USART0_TX_IRQHandler
                0x000000000000020c                I2C0_IRQHandler
                0x000000000000020c                HardFault_Handler
                0x000000000000020c                LEUART1_IRQHandler
                0x000000000000020c                SysTick_Handler
                0x000000000000020c                USART1_RX_IRQHandler
                0x000000000000020c                PendSV_Handler
                0x000000000000020c                NMI_Handler
                0x000000000000020c                I2C1_IRQHandler
                0x000000000000020c                TIMER3_IRQHandler
                0x000000000000020c                USART1_TX_IRQHandler
                0x000000000000020c                MSC_IRQHandler
                0x000000000000020c                ADC0_IRQHandler
                0x000000000000020c                UsageFault_Handler
                0x000000000000020c                LEUART0_IRQHandler
                0x000000000000020c                GPIO_EVEN_IRQHandler
                0x000000000000020c                UART0_TX_IRQHandler
                0x000000000000020c                UART1_TX_IRQHandler
                0x000000000000020c                RTC_IRQHandler
                0x000000000000020c                TIMER0_IRQHandler
                0x000000000000020c                LCD_IRQHandler
                0x000000000000020c                PCNT2_IRQHandler
                0x000000000000020c                UART0_RX_IRQHandler
                0x000000000000020c                LETIMER0_IRQHandler
                0x000000000000020c                TIMER1_IRQHandler
                0x000000000000020c                USART2_RX_IRQHandler
                0x000000000000020c                Default_Handler
                0x000000000000020c                EMU_IRQHandler
                0x000000000000020c                PCNT0_IRQHandler
                0x000000000000020c                USB_IRQHandler
                0x000000000000020c                BURTC_IRQHandler
                0x000000000000020c                PCNT1_IRQHandler
                0x000000000000020c                ACMP0_IRQHandler
                0x000000000000020c                USART0_RX_IRQHandler
                0x000000000000020c                MemManage_Handler
                0x000000000000020c                SVC_Handler
                0x000000000000020c                DAC0_IRQHandler
                0x000000000000020c                UART1_RX_IRQHandler
                0x000000000000020c                CMU_IRQHandler
                0x000000000000020c                EBI_IRQHandler
                0x000000000000020c                LESENSE_IRQHandler
                0x000000000000020c                AES_IRQHandler
                0x000000000000020c                VCMP_IRQHandler
                0x000000000000020c                DMA_IRQHandler
                0x000000000000020c                BusFault_Handler
                0x000000000000020c                TIMER2_IRQHandler
                0x000000000000020c                USART2_TX_IRQHandler
 .text.exit     0x0000000000000210       0x20 /Users/alfme/Documents/Docs/Programmering/builds/arm-compiler/bin/../lib/gcc/arm-none-eabi/5.4.1/../../../../arm-none-eabi/lib/armv7-m/libc.a(lib_a-exit.o)
                0x0000000000000210                exit
 .text.__libc_init_array
                0x0000000000000230       0x50 /Users/alfme/Documents/Docs/Programmering/builds/arm-compiler/bin/../lib/gcc/arm-none-eabi/5.4.1/../../../../arm-none-eabi/lib/armv7-m/libc.a(lib_a-init.o)
                0x0000000000000230                __libc_init_array
 .text.memset   0x0000000000000280       0x9c /Users/alfme/Documents/Docs/Programmering/builds/arm-compiler/bin/../lib/gcc/arm-none-eabi/5.4.1/../../../../arm-none-eabi/lib/armv7-m/libc.a(lib_a-memset.o)
                0x0000000000000280                memset
 .text.startup.register_fini
                0x000000000000031c       0x14 /Users/alfme/Documents/Docs/Programmering/builds/arm-compiler/bin/../lib/gcc/arm-none-eabi/5.4.1/../../../../arm-none-eabi/lib/armv7-m/libc.a(lib_a-__call_atexit.o)
 .text.__call_exitprocs
                0x0000000000000330       0xd8 /Users/alfme/Documents/Docs/Programmering/builds/arm-compiler/bin/../lib/gcc/arm-none-eabi/5.4.1/../../../../arm-none-eabi/lib/armv7-m/libc.a(lib_a-__call_atexit.o)
                0x0000000000000330                __call_exitprocs
 .text.atexit   0x0000000000000408        0xc /Users/alfme/Documents/Docs/Programmering/builds/arm-compiler/bin/../lib/gcc/arm-none-eabi/5.4.1/../../../../arm-none-eabi/lib/armv7-m/libc.a(lib_a-atexit.o)
                0x0000000000000408                atexit
 .text.__libc_fini_array
                0x0000000000000414       0x28 /Users/alfme/Documents/Docs/Programmering/builds/arm-compiler/bin/../lib/gcc/arm-none-eabi/5.4.1/../../../../arm-none-eabi/lib/armv7-m/libc.a(lib_a-fini.o)
                0x0000000000000414                __libc_fini_array
 .text.__register_exitproc
                0x000000000000043c       0xa4 /Users/alfme/Documents/Docs/Programmering/builds/arm-compiler/bin/../lib/gcc/arm-none-eabi/5.4.1/../../../../arm-none-eabi/lib/armv7-m/libc.a(lib_a-__atexit.o)
                0x000000000000043c                __register_exitproc
 .text._exit    0x00000000000004e0        0x4 /Users/alfme/Documents/Docs/Programmering/builds/arm-compiler/bin/../lib/gcc/arm-none-eabi/5.4.1/../../../../arm-none-eabi/lib/armv7-m/libnosys.a(_exit.o)
                0x00000000000004e0                _exit
 *(.init)
 .init          0x00000000000004e4        0x4 /Users/alfme/Documents/Docs/Programmering/builds/arm-compiler/bin/../lib/gcc/arm-none-eabi/5.4.1/armv7-m/crti.o
                0x00000000000004e4                _init
 .init          0x00000000000004e8        0x8 /Users/alfme/Documents/Docs/Programmering/builds/arm-compiler/bin/../lib/gcc/arm-none-eabi/5.4.1/armv7-m/crtn.o
 *(.fini)
 .fini          0x00000000000004f0        0x4 /Users/alfme/Documents/Docs/Programmering/builds/arm-compiler/bin/../lib/gcc/arm-none-eabi/5.4.1/armv7-m/crti.o
                0x00000000000004f0                _fini
 .fini          0x00000000000004f4        0x8 /Users/alfme/Documents/Docs/Programmering/builds/arm-compiler/bin/../lib/gcc/arm-none-eabi/5.4.1/armv7-m/crtn.o
 *crtbegin.o(.ctors)
 *crtbegin?.o(.ctors)
 *(EXCLUDE_FILE(*crtend.o *crtend?.o) .ctors)
 *(SORT(.ctors.*))
 *(.ctors)
 *crtbegin.o(.dtors)
 *crtbegin?.o(.dtors)
 *(EXCLUDE_FILE(*crtend.o *crtend?.o) .dtors)
 *(SORT(.dtors.*))
 *(.dtors)
 *(.rodata*)
 .rodata._global_impure_ptr
                0x00000000000004fc        0x4 /Users/alfme/Documents/Docs/Programmering/builds/arm-compiler/bin/../lib/gcc/arm-none-eabi/5.4.1/../../../../arm-none-eabi/lib/armv7-m/libc.a(lib_a-impure.o)
                0x00000000000004fc                _global_impure_ptr
 *(.eh_frame*)
 .eh_frame      0x0000000000000500        0x0 /Users/alfme/Documents/Docs/Programmering/builds/arm-compiler/bin/../lib/gcc/arm-none-eabi/5.4.1/armv7-m/crtbegin.o
 .eh_frame      0x0000000000000500        0x4 /Users/alfme/Documents/Docs/Programmering/builds/arm-compiler/bin/../lib/gcc/arm-none-eabi/5.4.1/armv7-m/crtend.o

.glue_7         0x0000000000000504        0x0
 .glue_7        0x0000000000000504        0x0 linker stubs

.glue_7t        0x0000000000000504        0x0
 .glue_7t       0x0000000000000504        0x0 linker stubs

.vfp11_veneer   0x0000000000000504        0x0
 .vfp11_veneer  0x0000000000000504        0x0 linker stubs

.v4_bx          0x0000000000000504        0x0
 .v4_bx         0x0000000000000504        0x0 linker stubs

.iplt           0x0000000000000504        0x0
 .iplt          0x0000000000000504        0x0 /Users/alfme/Documents/Docs/Programmering/builds/arm-compiler/bin/../lib/gcc/arm-none-eabi/5.4.1/armv7-m/crtbegin.o

.ARM.extab
 *(.ARM.extab* .gnu.linkonce.armextab.*)
                0x0000000000000504                __exidx_start = .

.ARM.exidx      0x0000000000000504        0x8
 *(.ARM.exidx* .gnu.linkonce.armexidx.*)
 .ARM.exidx     0x0000000000000504        0x8 /Users/alfme/Documents/Docs/Programmering/builds/arm-compiler/bin/../lib/gcc/arm-none-eabi/5.4.1/../../../../arm-none-eabi/lib/armv7-m/crt0.o
                0x000000000000050c                __exidx_end = .
                0x000000000000050c                __etext = .

.rel.dyn        0x000000000000050c        0x0
 .rel.iplt      0x000000000000050c        0x0 /Users/alfme/Documents/Docs/Programmering/builds/arm-compiler/bin/../lib/gcc/arm-none-eabi/5.4.1/armv7-m/crtbegin.o

.data           0x0000000020000000      0x438 load address 0x000000000000050c
                0x0000000020000000                __data_start__ = .
 *(vtable)
 *(.data*)
 .data.impure_data
                0x0000000020000000      0x428 /Users/alfme/Documents/Docs/Programmering/builds/arm-compiler/bin/../lib/gcc/arm-none-eabi/5.4.1/../../../../arm-none-eabi/lib/armv7-m/libc.a(lib_a-impure.o)
                0x0000000020000428                . = ALIGN (0x4)
 *(.ram)
                0x0000000020000428                . = ALIGN (0x4)
                0x0000000020000428                PROVIDE (__preinit_array_start, .)
 *(.preinit_array)
                0x0000000020000428                PROVIDE (__preinit_array_end, .)
                0x0000000020000428                . = ALIGN (0x4)
                0x0000000020000428                PROVIDE (__init_array_start, .)
 *(SORT(.init_array.*))
 .init_array.00000
                0x0000000020000428        0x4 /Users/alfme/Documents/Docs/Programmering/builds/arm-compiler/bin/../lib/gcc/arm-none-eabi/5.4.1/../../../../arm-none-eabi/lib/armv7-m/libc.a(lib_a-__call_atexit.o)
 *(.init_array)
 .init_array    0x000000002000042c        0x4 /Users/alfme/Documents/Docs/Programmering/builds/arm-compiler/bin/../lib/gcc/arm-none-eabi/5.4.1/armv7-m/crtbegin.o
                0x0000000020000430                PROVIDE (__init_array_end, .)
                0x0000000020000430                . = ALIGN (0x4)
                0x0000000020000430                PROVIDE (__fini_array_start, .)
 *(SORT(.fini_array.*))
 *(.fini_array)
 .fini_array    0x0000000020000430        0x4 /Users/alfme/Documents/Docs/Programmering/builds/arm-compiler/bin/../lib/gcc/arm-none-eabi/5.4.1/armv7-m/crtbegin.o
                0x0000000020000434                PROVIDE (__fini_array_end, .)
 *(.jcr*)
 .jcr           0x0000000020000434        0x0 /Users/alfme/Documents/Docs/Programmering/builds/arm-compiler/bin/../lib/gcc/arm-none-eabi/5.4.1/armv7-m/crtbegin.o
 .jcr           0x0000000020000434        0x4 /Users/alfme/Documents/Docs/Programmering/builds/arm-compiler/bin/../lib/gcc/arm-none-eabi/5.4.1/armv7-m/crtend.o
                0x0000000020000438                . = ALIGN (0x4)
                0x0000000020000438                __data_end__ = .

.igot.plt       0x0000000020000438        0x0 load address 0x0000000000000944
 .igot.plt      0x0000000020000438        0x0 /Users/alfme/Documents/Docs/Programmering/builds/arm-compiler/bin/../lib/gcc/arm-none-eabi/5.4.1/armv7-m/crtbegin.o

.bss            0x0000000020000438       0x1c load address 0x0000000000000944
                0x0000000020000438                . = ALIGN (0x4)
                0x0000000020000438                __bss_start__ = .
 *(.bss*)
 .bss           0x0000000020000438       0x1c /Users/alfme/Documents/Docs/Programmering/builds/arm-compiler/bin/../lib/gcc/arm-none-eabi/5.4.1/armv7-m/crtbegin.o
 *(COMMON)
                0x0000000020000454                . = ALIGN (0x4)
                0x0000000020000454                __bss_end__ = .

.heap           0x0000000020000458      0xc00
                0x0000000020000458                __HeapBase = .
                0x0000000020000458                __end__ = .
                0x0000000020000458                end = __end__
                0x0000000020000458                _end = __end__
 *(.heap*)
 .heap          0x0000000020000458      0xc00 build/startup_efm32gg.o
                0x0000000020001058                __HeapLimit = .

.stack_dummy    0x0000000020000458      0x400
 *(.stack*)
 .stack         0x0000000020000458      0x400 build/startup_efm32gg.o
                0x0000000020020000                __StackTop = (ORIGIN (RAM) + LENGTH (RAM))
                0x000000002001fc00                __StackLimit = (__StackTop - SIZEOF (.stack_dummy))
                0x0000000020020000                PROVIDE (__stack, __StackTop)
                0x0000000000000001                ASSERT ((__StackLimit >= __HeapLimit), region RAM overflowed with stack)
                0x0000000000000001                ASSERT ((LENGTH (FLASH) >= (__etext + SIZEOF (.data))), FLASH memory overflowed !)
OUTPUT(bin/qbart.out elf32-littlearm)

.ARM.attributes
                0x0000000000000000       0x29
 .ARM.attributes
                0x0000000000000000       0x1d /Users/alfme/Documents/Docs/Programmering/builds/arm-compiler/bin/../lib/gcc/arm-none-eabi/5.4.1/armv7-m/crti.o
 .ARM.attributes
                0x000000000000001d       0x2d /Users/alfme/Documents/Docs/Programmering/builds/arm-compiler/bin/../lib/gcc/arm-none-eabi/5.4.1/armv7-m/crtbegin.o
 .ARM.attributes
                0x000000000000004a       0x1b /Users/alfme/Documents/Docs/Programmering/builds/arm-compiler/bin/../lib/gcc/arm-none-eabi/5.4.1/../../../../arm-none-eabi/lib/armv7-m/crt0.o
 .ARM.attributes
                0x0000000000000065       0x33 build/main.o
 .ARM.attributes
                0x0000000000000098       0x33 build/system_efm32gg.o
 .ARM.attributes
                0x00000000000000cb       0x1b build/startup_efm32gg.o
 .ARM.attributes
                0x00000000000000e6       0x2d /Users/alfme/Documents/Docs/Programmering/builds/arm-compiler/bin/../lib/gcc/arm-none-eabi/5.4.1/../../../../arm-none-eabi/lib/armv7-m/libc.a(lib_a-exit.o)
 .ARM.attributes
                0x0000000000000113       0x2d /Users/alfme/Documents/Docs/Programmering/builds/arm-compiler/bin/../lib/gcc/arm-none-eabi/5.4.1/../../../../arm-none-eabi/lib/armv7-m/libc.a(lib_a-impure.o)
 .ARM.attributes
                0x0000000000000140       0x2d /Users/alfme/Documents/Docs/Programmering/builds/arm-compiler/bin/../lib/gcc/arm-none-eabi/5.4.1/../../../../arm-none-eabi/lib/armv7-m/libc.a(lib_a-init.o)
 .ARM.attributes
                0x000000000000016d       0x2d /Users/alfme/Documents/Docs/Programmering/builds/arm-compiler/bin/../lib/gcc/arm-none-eabi/5.4.1/../../../../arm-none-eabi/lib/armv7-m/libc.a(lib_a-memset.o)
 .ARM.attributes
                0x000000000000019a       0x2d /Users/alfme/Documents/Docs/Programmering/builds/arm-compiler/bin/../lib/gcc/arm-none-eabi/5.4.1/../../../../arm-none-eabi/lib/armv7-m/libc.a(lib_a-__call_atexit.o)
 .ARM.attributes
                0x00000000000001c7       0x2d /Users/alfme/Documents/Docs/Programmering/builds/arm-compiler/bin/../lib/gcc/arm-none-eabi/5.4.1/../../../../arm-none-eabi/lib/armv7-m/libc.a(lib_a-atexit.o)
 .ARM.attributes
                0x00000000000001f4       0x2d /Users/alfme/Documents/Docs/Programmering/builds/arm-compiler/bin/../lib/gcc/arm-none-eabi/5.4.1/../../../../arm-none-eabi/lib/armv7-m/libc.a(lib_a-fini.o)
 .ARM.attributes
                0x0000000000000221       0x2d /Users/alfme/Documents/Docs/Programmering/builds/arm-compiler/bin/../lib/gcc/arm-none-eabi/5.4.1/../../../../arm-none-eabi/lib/armv7-m/libc.a(lib_a-__atexit.o)
 .ARM.attributes
                0x000000000000024e       0x2d /Users/alfme/Documents/Docs/Programmering/builds/arm-compiler/bin/../lib/gcc/arm-none-eabi/5.4.1/../../../../arm-none-eabi/lib/armv7-m/libnosys.a(_exit.o)
 .ARM.attributes
                0x000000000000027b       0x2d /Users/alfme/Documents/Docs/Programmering/builds/arm-compiler/bin/../lib/gcc/arm-none-eabi/5.4.1/armv7-m/crtend.o
 .ARM.attributes
                0x00000000000002a8       0x1d /Users/alfme/Documents/Docs/Programmering/builds/arm-compiler/bin/../lib/gcc/arm-none-eabi/5.4.1/armv7-m/crtn.o

.comment        0x0000000000000000       0x6e
 .comment       0x0000000000000000       0x6e build/main.o
                                         0x6f (size before relaxing)
 .comment       0x000000000000006e       0x6f build/system_efm32gg.o

.debug_info     0x0000000000000000      0x77d
 .debug_info    0x0000000000000000      0x2a0 build/main.o
 .debug_info    0x00000000000002a0      0x4dd build/system_efm32gg.o

.debug_abbrev   0x0000000000000000      0x282
 .debug_abbrev  0x0000000000000000      0x117 build/main.o
 .debug_abbrev  0x0000000000000117      0x16b build/system_efm32gg.o

.debug_aranges  0x0000000000000000       0xa0
 .debug_aranges
                0x0000000000000000       0x30 build/main.o
 .debug_aranges
                0x0000000000000030       0x70 build/system_efm32gg.o

.debug_ranges   0x0000000000000000       0x80
 .debug_ranges  0x0000000000000000       0x20 build/main.o
 .debug_ranges  0x0000000000000020       0x60 build/system_efm32gg.o

.debug_line     0x0000000000000000      0x415
 .debug_line    0x0000000000000000      0x1bb build/main.o
 .debug_line    0x00000000000001bb      0x25a build/system_efm32gg.o

.debug_str      0x0000000000000000      0x4fa
 .debug_str     0x0000000000000000      0x25d build/main.o
                                        0x2a7 (size before relaxing)
 .debug_str     0x000000000000025d      0x29d build/system_efm32gg.o
                                        0x49a (size before relaxing)

.debug_frame    0x0000000000000000      0x2c0
 .debug_frame   0x0000000000000000       0x50 build/main.o
 .debug_frame   0x0000000000000050       0xf0 build/system_efm32gg.o
 .debug_frame   0x0000000000000140       0x28 /Users/alfme/Documents/Docs/Programmering/builds/arm-compiler/bin/../lib/gcc/arm-none-eabi/5.4.1/../../../../arm-none-eabi/lib/armv7-m/libc.a(lib_a-exit.o)
 .debug_frame   0x0000000000000168       0x2c /Users/alfme/Documents/Docs/Programmering/builds/arm-compiler/bin/../lib/gcc/arm-none-eabi/5.4.1/../../../../arm-none-eabi/lib/armv7-m/libc.a(lib_a-init.o)
 .debug_frame   0x0000000000000194       0x34 /Users/alfme/Documents/Docs/Programmering/builds/arm-compiler/bin/../lib/gcc/arm-none-eabi/5.4.1/../../../../arm-none-eabi/lib/armv7-m/libc.a(lib_a-memset.o)
 .debug_frame   0x00000000000001c8       0x50 /Users/alfme/Documents/Docs/Programmering/builds/arm-compiler/bin/../lib/gcc/arm-none-eabi/5.4.1/../../../../arm-none-eabi/lib/armv7-m/libc.a(lib_a-__call_atexit.o)
 .debug_frame   0x0000000000000218       0x20 /Users/alfme/Documents/Docs/Programmering/builds/arm-compiler/bin/../lib/gcc/arm-none-eabi/5.4.1/../../../../arm-none-eabi/lib/armv7-m/libc.a(lib_a-atexit.o)
 .debug_frame   0x0000000000000238       0x34 /Users/alfme/Documents/Docs/Programmering/builds/arm-compiler/bin/../lib/gcc/arm-none-eabi/5.4.1/../../../../arm-none-eabi/lib/armv7-m/libc.a(lib_a-fini.o)
 .debug_frame   0x000000000000026c       0x34 /Users/alfme/Documents/Docs/Programmering/builds/arm-compiler/bin/../lib/gcc/arm-none-eabi/5.4.1/../../../../arm-none-eabi/lib/armv7-m/libc.a(lib_a-__atexit.o)
 .debug_frame   0x00000000000002a0       0x20 /Users/alfme/Documents/Docs/Programmering/builds/arm-compiler/bin/../lib/gcc/arm-none-eabi/5.4.1/../../../../arm-none-eabi/lib/armv7-m/libnosys.a(_exit.o)
