Archive member included to satisfy reference by file (symbol)

libdevice.a(startup_efm32gg.S.obj)
                              (Reset_Handler)
libdevice.a(system_efm32gg.c.obj)
                              libdevice.a(startup_efm32gg.S.obj) (SystemInit)
libemlib.a(em_cmu.c.obj)      CMakeFiles/efm32-test.dir/source/main.c.obj (CMU_ClockEnable)
libemlib.a(em_emu.c.obj)      CMakeFiles/efm32-test.dir/source/main.c.obj (EMU_EnterEM2)
libemlib.a(em_gpio.c.obj)     CMakeFiles/efm32-test.dir/source/main.c.obj (GPIO_PinModeSet)
libemlib.a(em_i2c.c.obj)      CMakeFiles/efm32-test.dir/source/i2c.c.obj (I2C_Init)
libemlib.a(em_rtc.c.obj)      CMakeFiles/efm32-test.dir/source/i2c.c.obj (RTC_CompareSet)
libemlib.a(em_system.c.obj)   CMakeFiles/efm32-test.dir/source/main.c.obj (SYSTEM_ChipRevisionGet)
/Users/alfme/Documents/Docs/Programmering/builds/arm-compiler/bin/../lib/gcc/arm-none-eabi/5.4.1/../../../../arm-none-eabi/lib/armv7-m/libc_nano.a(lib_a-exit.o)
                              /Users/alfme/Documents/Docs/Programmering/builds/arm-compiler/bin/../lib/gcc/arm-none-eabi/5.4.1/../../../../arm-none-eabi/lib/armv7-m/crt0.o (exit)
/Users/alfme/Documents/Docs/Programmering/builds/arm-compiler/bin/../lib/gcc/arm-none-eabi/5.4.1/../../../../arm-none-eabi/lib/armv7-m/libc_nano.a(lib_a-impure.o)
                              /Users/alfme/Documents/Docs/Programmering/builds/arm-compiler/bin/../lib/gcc/arm-none-eabi/5.4.1/../../../../arm-none-eabi/lib/armv7-m/libc_nano.a(lib_a-exit.o) (_global_impure_ptr)
/Users/alfme/Documents/Docs/Programmering/builds/arm-compiler/bin/../lib/gcc/arm-none-eabi/5.4.1/../../../../arm-none-eabi/lib/armv7-m/libc_nano.a(lib_a-init.o)
                              /Users/alfme/Documents/Docs/Programmering/builds/arm-compiler/bin/../lib/gcc/arm-none-eabi/5.4.1/../../../../arm-none-eabi/lib/armv7-m/crt0.o (__libc_init_array)
/Users/alfme/Documents/Docs/Programmering/builds/arm-compiler/bin/../lib/gcc/arm-none-eabi/5.4.1/../../../../arm-none-eabi/lib/armv7-m/libc_nano.a(lib_a-memset.o)
                              /Users/alfme/Documents/Docs/Programmering/builds/arm-compiler/bin/../lib/gcc/arm-none-eabi/5.4.1/../../../../arm-none-eabi/lib/armv7-m/crt0.o (memset)
/Users/alfme/Documents/Docs/Programmering/builds/arm-compiler/bin/../lib/gcc/arm-none-eabi/5.4.1/../../../../arm-none-eabi/lib/armv7-m/libnosys.a(_exit.o)
                              /Users/alfme/Documents/Docs/Programmering/builds/arm-compiler/bin/../lib/gcc/arm-none-eabi/5.4.1/../../../../arm-none-eabi/lib/armv7-m/libc_nano.a(lib_a-exit.o) (_exit)

Allocating common symbols
Common symbol       size              file

i2c_rxBufferIndex   0x1               CMakeFiles/efm32-test.dir/source/i2c.c.obj
i2c_rxInProgress    0x1               CMakeFiles/efm32-test.dir/source/main.c.obj
i2c_startTx         0x1               CMakeFiles/efm32-test.dir/source/main.c.obj
msTicks             0x4               CMakeFiles/efm32-test.dir/source/main.c.obj
i2c_rxBuffer        0xa               CMakeFiles/efm32-test.dir/source/i2c.c.obj

Discarded input sections

 .text          0x0000000000000000        0x0 /Users/alfme/Documents/Docs/Programmering/builds/arm-compiler/bin/../lib/gcc/arm-none-eabi/5.4.1/armv7-m/crti.o
 .data          0x0000000000000000        0x0 /Users/alfme/Documents/Docs/Programmering/builds/arm-compiler/bin/../lib/gcc/arm-none-eabi/5.4.1/armv7-m/crti.o
 .bss           0x0000000000000000        0x0 /Users/alfme/Documents/Docs/Programmering/builds/arm-compiler/bin/../lib/gcc/arm-none-eabi/5.4.1/armv7-m/crti.o
 .data          0x0000000000000000        0x4 /Users/alfme/Documents/Docs/Programmering/builds/arm-compiler/bin/../lib/gcc/arm-none-eabi/5.4.1/armv7-m/crtbegin.o
 .data          0x0000000000000000        0x0 /Users/alfme/Documents/Docs/Programmering/builds/arm-compiler/bin/../lib/gcc/arm-none-eabi/5.4.1/../../../../arm-none-eabi/lib/armv7-m/crt0.o
 .bss           0x0000000000000000        0x0 /Users/alfme/Documents/Docs/Programmering/builds/arm-compiler/bin/../lib/gcc/arm-none-eabi/5.4.1/../../../../arm-none-eabi/lib/armv7-m/crt0.o
 .ARM.extab     0x0000000000000000        0x0 /Users/alfme/Documents/Docs/Programmering/builds/arm-compiler/bin/../lib/gcc/arm-none-eabi/5.4.1/../../../../arm-none-eabi/lib/armv7-m/crt0.o
 .text          0x0000000000000000        0x0 CMakeFiles/efm32-test.dir/source/main.c.obj
 .data          0x0000000000000000        0x0 CMakeFiles/efm32-test.dir/source/main.c.obj
 .bss           0x0000000000000000        0x0 CMakeFiles/efm32-test.dir/source/main.c.obj
 .text.delay    0x0000000000000000       0x24 CMakeFiles/efm32-test.dir/source/main.c.obj
 .text.test_i2c
                0x0000000000000000       0x44 CMakeFiles/efm32-test.dir/source/main.c.obj
 .text          0x0000000000000000        0x0 CMakeFiles/efm32-test.dir/source/i2c.c.obj
 .data          0x0000000000000000        0x0 CMakeFiles/efm32-test.dir/source/i2c.c.obj
 .bss           0x0000000000000000        0x0 CMakeFiles/efm32-test.dir/source/i2c.c.obj
 .text.NVIC_EnableIRQ
                0x0000000000000000       0x2c CMakeFiles/efm32-test.dir/source/i2c.c.obj
 .text.I2C_IntEnable
                0x0000000000000000       0x18 CMakeFiles/efm32-test.dir/source/i2c.c.obj
 .text.RTC_IntEnable
                0x0000000000000000       0x1c CMakeFiles/efm32-test.dir/source/i2c.c.obj
 .text.EMU_EnterEM1
                0x0000000000000000       0x18 CMakeFiles/efm32-test.dir/source/i2c.c.obj
 .text.GPIO_PinOutClear
                0x0000000000000000       0x60 CMakeFiles/efm32-test.dir/source/i2c.c.obj
 .text.GPIO_PinOutSet
                0x0000000000000000       0x60 CMakeFiles/efm32-test.dir/source/i2c.c.obj
 .data.i2c_txBuffer
                0x0000000000000000        0x6 CMakeFiles/efm32-test.dir/source/i2c.c.obj
 .data.i2c_txBufferSize
                0x0000000000000000        0x1 CMakeFiles/efm32-test.dir/source/i2c.c.obj
 .text.enable_i2c_clocks
                0x0000000000000000       0x4c CMakeFiles/efm32-test.dir/source/i2c.c.obj
 .text.enableI2CSlaveInterrupts
                0x0000000000000000       0x24 CMakeFiles/efm32-test.dir/source/i2c.c.obj
 .rodata        0x0000000000000000       0x13 CMakeFiles/efm32-test.dir/source/i2c.c.obj
 .text.setupI2C
                0x0000000000000000       0x88 CMakeFiles/efm32-test.dir/source/i2c.c.obj
 .text.receiveI2CData
                0x0000000000000000       0x1c CMakeFiles/efm32-test.dir/source/i2c.c.obj
 .text.performI2CTransfer
                0x0000000000000000       0x6c CMakeFiles/efm32-test.dir/source/i2c.c.obj
 .text.setupRTC
                0x0000000000000000       0x60 CMakeFiles/efm32-test.dir/source/i2c.c.obj
 .data          0x0000000000000000        0x0 libdevice.a(startup_efm32gg.S.obj)
 .bss           0x0000000000000000        0x0 libdevice.a(startup_efm32gg.S.obj)
 .text          0x0000000000000000        0x0 libdevice.a(system_efm32gg.c.obj)
 .data          0x0000000000000000        0x0 libdevice.a(system_efm32gg.c.obj)
 .bss           0x0000000000000000        0x0 libdevice.a(system_efm32gg.c.obj)
 .text.SystemMaxCoreClockGet
                0x0000000000000000        0xc libdevice.a(system_efm32gg.c.obj)
 .text.SystemHFXOClockGet
                0x0000000000000000        0xc libdevice.a(system_efm32gg.c.obj)
 .text.SystemHFXOClockSet
                0x0000000000000000       0x2c libdevice.a(system_efm32gg.c.obj)
 .text.SystemLFXOClockSet
                0x0000000000000000       0x2c libdevice.a(system_efm32gg.c.obj)
 .text          0x0000000000000000        0x0 libemlib.a(em_cmu.c.obj)
 .data          0x0000000000000000        0x0 libemlib.a(em_cmu.c.obj)
 .bss           0x0000000000000000        0x0 libemlib.a(em_cmu.c.obj)
 .text.BUS_RegMaskedWrite
                0x0000000000000000       0x20 libemlib.a(em_cmu.c.obj)
 .text.CMU_Log2ToDiv
                0x0000000000000000       0x14 libemlib.a(em_cmu.c.obj)
 .text.flashWaitStateControl
                0x0000000000000000       0xc0 libemlib.a(em_cmu.c.obj)
 .text.flashWaitStateMax
                0x0000000000000000       0x14 libemlib.a(em_cmu.c.obj)
 .text.CMU_UpdateWaitStates
                0x0000000000000000       0x18 libemlib.a(em_cmu.c.obj)
 .text.CMU_AUXHFRCOBandGet
                0x0000000000000000       0x14 libemlib.a(em_cmu.c.obj)
 .text.CMU_AUXHFRCOBandSet
                0x0000000000000000       0xb0 libemlib.a(em_cmu.c.obj)
 .text.CMU_Calibrate
                0x0000000000000000       0x8c libemlib.a(em_cmu.c.obj)
 .text.CMU_CalibrateConfig
                0x0000000000000000       0xd4 libemlib.a(em_cmu.c.obj)
 .text.CMU_CalibrateCountGet
                0x0000000000000000       0x34 libemlib.a(em_cmu.c.obj)
 .text.CMU_ClockDivGet
                0x0000000000000000      0x16c libemlib.a(em_cmu.c.obj)
 .text.CMU_ClockDivSet
                0x0000000000000000      0x224 libemlib.a(em_cmu.c.obj)
 .text.CMU_ClockSelectSet
                0x0000000000000000      0x2b4 libemlib.a(em_cmu.c.obj)
 .text.CMU_FreezeEnable
                0x0000000000000000       0x34 libemlib.a(em_cmu.c.obj)
 .text.CMU_HFRCOBandGet
                0x0000000000000000       0x14 libemlib.a(em_cmu.c.obj)
 .text.CMU_HFRCOBandSet
                0x0000000000000000       0xec libemlib.a(em_cmu.c.obj)
 .text.CMU_HFRCOStartupDelayGet
                0x0000000000000000       0x14 libemlib.a(em_cmu.c.obj)
 .text.CMU_HFRCOStartupDelaySet
                0x0000000000000000       0x28 libemlib.a(em_cmu.c.obj)
 .text.CMU_HFXOInit
                0x0000000000000000       0x58 libemlib.a(em_cmu.c.obj)
 .text.CMU_LCDClkFDIVGet
                0x0000000000000000       0x10 libemlib.a(em_cmu.c.obj)
 .text.CMU_LCDClkFDIVSet
                0x0000000000000000       0x34 libemlib.a(em_cmu.c.obj)
 .text.CMU_LFXOInit
                0x0000000000000000       0x80 libemlib.a(em_cmu.c.obj)
 .text.CMU_OscillatorEnable
                0x0000000000000000       0xc4 libemlib.a(em_cmu.c.obj)
 .text.CMU_OscillatorTuningGet
                0x0000000000000000       0x4c libemlib.a(em_cmu.c.obj)
 .text.CMU_OscillatorTuningSet
                0x0000000000000000       0x70 libemlib.a(em_cmu.c.obj)
 .text.CMU_PCNTClockExternalGet
                0x0000000000000000       0x54 libemlib.a(em_cmu.c.obj)
 .text.CMU_PCNTClockExternalSet
                0x0000000000000000       0x38 libemlib.a(em_cmu.c.obj)
 .text          0x0000000000000000        0x0 libemlib.a(em_emu.c.obj)
 .data          0x0000000000000000        0x0 libemlib.a(em_emu.c.obj)
 .bss           0x0000000000000000        0x0 libemlib.a(em_emu.c.obj)
 .text.SystemCoreClockUpdate
                0x0000000000000000        0xc libemlib.a(em_emu.c.obj)
 .text.BUS_RegBitWrite
                0x0000000000000000       0x24 libemlib.a(em_emu.c.obj)
 .text.EMU_BUPinEnable
                0x0000000000000000       0x24 libemlib.a(em_emu.c.obj)
 .text.EMU_Unlock
                0x0000000000000000       0x10 libemlib.a(em_emu.c.obj)
 .text.CMU_Lock
                0x0000000000000000       0x10 libemlib.a(em_emu.c.obj)
 .text.CMU_Unlock
                0x0000000000000000       0x14 libemlib.a(em_emu.c.obj)
 .text.emState  0x0000000000000000       0xd8 libemlib.a(em_emu.c.obj)
 .text.getErrataFixEmuE107En
                0x0000000000000000       0x68 libemlib.a(em_emu.c.obj)
 .text.EMU_EnterEM2
                0x0000000000000000       0x98 libemlib.a(em_emu.c.obj)
 .text.EMU_EnterEM3
                0x0000000000000000       0xc0 libemlib.a(em_emu.c.obj)
 .text.EMU_Save
                0x0000000000000000        0xc libemlib.a(em_emu.c.obj)
 .text.EMU_Restore
                0x0000000000000000        0xc libemlib.a(em_emu.c.obj)
 .text.EMU_EnterEM4
                0x0000000000000000       0x50 libemlib.a(em_emu.c.obj)
 .text.EMU_MemPwrDown
                0x0000000000000000       0x18 libemlib.a(em_emu.c.obj)
 .text.EMU_RamPowerDown
                0x0000000000000000       0x74 libemlib.a(em_emu.c.obj)
 .text.EMU_UpdateOscConfig
                0x0000000000000000        0xc libemlib.a(em_emu.c.obj)
 .text.EMU_EM23Init
                0x0000000000000000       0x2c libemlib.a(em_emu.c.obj)
 .text.EMU_EM4Init
                0x0000000000000000       0x48 libemlib.a(em_emu.c.obj)
 .text.EMU_BUPDInit
                0x0000000000000000       0xd4 libemlib.a(em_emu.c.obj)
 .text.EMU_BUThresholdSet
                0x0000000000000000       0x48 libemlib.a(em_emu.c.obj)
 .text.EMU_BUThresRangeSet
                0x0000000000000000       0x4c libemlib.a(em_emu.c.obj)
 .bss.cmuStatus.5561
                0x0000000000000000        0x4 libemlib.a(em_emu.c.obj)
 .bss.hfClock.5562
                0x0000000000000000        0x1 libemlib.a(em_emu.c.obj)
 .debug_info    0x0000000000000000     0x1098 libemlib.a(em_emu.c.obj)
 .debug_abbrev  0x0000000000000000      0x284 libemlib.a(em_emu.c.obj)
 .debug_loc     0x0000000000000000      0x330 libemlib.a(em_emu.c.obj)
 .debug_aranges
                0x0000000000000000       0xc0 libemlib.a(em_emu.c.obj)
 .debug_ranges  0x0000000000000000       0xb0 libemlib.a(em_emu.c.obj)
 .debug_line    0x0000000000000000      0x4da libemlib.a(em_emu.c.obj)
 .debug_str     0x0000000000000000      0xbc1 libemlib.a(em_emu.c.obj)
 .comment       0x0000000000000000       0x6f libemlib.a(em_emu.c.obj)
 .debug_frame   0x0000000000000000      0x208 libemlib.a(em_emu.c.obj)
 .ARM.attributes
                0x0000000000000000       0x33 libemlib.a(em_emu.c.obj)
 .text          0x0000000000000000        0x0 libemlib.a(em_gpio.c.obj)
 .data          0x0000000000000000        0x0 libemlib.a(em_gpio.c.obj)
 .bss           0x0000000000000000        0x0 libemlib.a(em_gpio.c.obj)
 .text.BUS_RegBitWrite
                0x0000000000000000       0x24 libemlib.a(em_gpio.c.obj)
 .text.BUS_RegMaskedWrite
                0x0000000000000000       0x20 libemlib.a(em_gpio.c.obj)
 .text.GPIO_EM4SetPinRetention
                0x0000000000000000       0x3c libemlib.a(em_gpio.c.obj)
 .text.GPIO_DbgLocationSet
                0x0000000000000000       0x24 libemlib.a(em_gpio.c.obj)
 .text.GPIO_DriveModeSet
                0x0000000000000000       0x84 libemlib.a(em_gpio.c.obj)
 .text.GPIO_ExtIntConfig
                0x0000000000000000       0xec libemlib.a(em_gpio.c.obj)
 .text.GPIO_PinModeGet
                0x0000000000000000       0x98 libemlib.a(em_gpio.c.obj)
 .text.GPIO_EM4EnablePinWakeup
                0x0000000000000000       0x58 libemlib.a(em_gpio.c.obj)
 .text          0x0000000000000000        0x0 libemlib.a(em_i2c.c.obj)
 .data          0x0000000000000000        0x0 libemlib.a(em_i2c.c.obj)
 .bss           0x0000000000000000        0x0 libemlib.a(em_i2c.c.obj)
 .text.BUS_RegBitWrite
                0x0000000000000000       0x24 libemlib.a(em_i2c.c.obj)
 .text.BUS_RegMaskedWrite
                0x0000000000000000       0x20 libemlib.a(em_i2c.c.obj)
 .rodata.i2cNSum
                0x0000000000000000        0x4 libemlib.a(em_i2c.c.obj)
 .bss.i2cTransfer
                0x0000000000000000       0x18 libemlib.a(em_i2c.c.obj)
 .text.I2C_BusFreqGet
                0x0000000000000000       0x44 libemlib.a(em_i2c.c.obj)
 .text.I2C_BusFreqSet
                0x0000000000000000      0x100 libemlib.a(em_i2c.c.obj)
 .text.I2C_Enable
                0x0000000000000000       0x3c libemlib.a(em_i2c.c.obj)
 .text.I2C_Init
                0x0000000000000000       0x70 libemlib.a(em_i2c.c.obj)
 .text.I2C_Reset
                0x0000000000000000       0x34 libemlib.a(em_i2c.c.obj)
 .text.I2C_Transfer
                0x0000000000000000      0x458 libemlib.a(em_i2c.c.obj)
 .text.I2C_TransferInit
                0x0000000000000000       0xe4 libemlib.a(em_i2c.c.obj)
 .debug_info    0x0000000000000000      0x894 libemlib.a(em_i2c.c.obj)
 .debug_abbrev  0x0000000000000000      0x26b libemlib.a(em_i2c.c.obj)
 .debug_loc     0x0000000000000000      0x1c8 libemlib.a(em_i2c.c.obj)
 .debug_aranges
                0x0000000000000000       0x60 libemlib.a(em_i2c.c.obj)
 .debug_ranges  0x0000000000000000       0x68 libemlib.a(em_i2c.c.obj)
 .debug_line    0x0000000000000000      0x3e8 libemlib.a(em_i2c.c.obj)
 .debug_str     0x0000000000000000      0x7db libemlib.a(em_i2c.c.obj)
 .comment       0x0000000000000000       0x6f libemlib.a(em_i2c.c.obj)
 .debug_frame   0x0000000000000000       0xfc libemlib.a(em_i2c.c.obj)
 .ARM.attributes
                0x0000000000000000       0x33 libemlib.a(em_i2c.c.obj)
 .text          0x0000000000000000        0x0 libemlib.a(em_rtc.c.obj)
 .data          0x0000000000000000        0x0 libemlib.a(em_rtc.c.obj)
 .bss           0x0000000000000000        0x0 libemlib.a(em_rtc.c.obj)
 .text.BUS_RegBitWrite
                0x0000000000000000       0x24 libemlib.a(em_rtc.c.obj)
 .text.RTC_CompareGet
                0x0000000000000000       0x34 libemlib.a(em_rtc.c.obj)
 .text.RTC_CompareSet
                0x0000000000000000       0x30 libemlib.a(em_rtc.c.obj)
 .text.RTC_Enable
                0x0000000000000000       0x24 libemlib.a(em_rtc.c.obj)
 .text.RTC_FreezeEnable
                0x0000000000000000       0x28 libemlib.a(em_rtc.c.obj)
 .text.RTC_Init
                0x0000000000000000       0x48 libemlib.a(em_rtc.c.obj)
 .text.RTC_Reset
                0x0000000000000000       0x2c libemlib.a(em_rtc.c.obj)
 .text.RTC_CounterReset
                0x0000000000000000       0x14 libemlib.a(em_rtc.c.obj)
 .debug_info    0x0000000000000000      0x33e libemlib.a(em_rtc.c.obj)
 .debug_abbrev  0x0000000000000000      0x196 libemlib.a(em_rtc.c.obj)
 .debug_loc     0x0000000000000000      0x134 libemlib.a(em_rtc.c.obj)
 .debug_aranges
                0x0000000000000000       0x58 libemlib.a(em_rtc.c.obj)
 .debug_ranges  0x0000000000000000       0x48 libemlib.a(em_rtc.c.obj)
 .debug_line    0x0000000000000000      0x297 libemlib.a(em_rtc.c.obj)
 .debug_str     0x0000000000000000      0x2b5 libemlib.a(em_rtc.c.obj)
 .comment       0x0000000000000000       0x6f libemlib.a(em_rtc.c.obj)
 .debug_frame   0x0000000000000000       0xcc libemlib.a(em_rtc.c.obj)
 .ARM.attributes
                0x0000000000000000       0x33 libemlib.a(em_rtc.c.obj)
 .text          0x0000000000000000        0x0 libemlib.a(em_system.c.obj)
 .data          0x0000000000000000        0x0 libemlib.a(em_system.c.obj)
 .bss           0x0000000000000000        0x0 libemlib.a(em_system.c.obj)
 .text.SYSTEM_GetCalibrationValue
                0x0000000000000000       0x50 libemlib.a(em_system.c.obj)
 .text          0x0000000000000000        0x0 /Users/alfme/Documents/Docs/Programmering/builds/arm-compiler/bin/../lib/gcc/arm-none-eabi/5.4.1/../../../../arm-none-eabi/lib/armv7-m/libc_nano.a(lib_a-exit.o)
 .data          0x0000000000000000        0x0 /Users/alfme/Documents/Docs/Programmering/builds/arm-compiler/bin/../lib/gcc/arm-none-eabi/5.4.1/../../../../arm-none-eabi/lib/armv7-m/libc_nano.a(lib_a-exit.o)
 .bss           0x0000000000000000        0x0 /Users/alfme/Documents/Docs/Programmering/builds/arm-compiler/bin/../lib/gcc/arm-none-eabi/5.4.1/../../../../arm-none-eabi/lib/armv7-m/libc_nano.a(lib_a-exit.o)
 .text          0x0000000000000000        0x0 /Users/alfme/Documents/Docs/Programmering/builds/arm-compiler/bin/../lib/gcc/arm-none-eabi/5.4.1/../../../../arm-none-eabi/lib/armv7-m/libc_nano.a(lib_a-impure.o)
 .data          0x0000000000000000        0x0 /Users/alfme/Documents/Docs/Programmering/builds/arm-compiler/bin/../lib/gcc/arm-none-eabi/5.4.1/../../../../arm-none-eabi/lib/armv7-m/libc_nano.a(lib_a-impure.o)
 .bss           0x0000000000000000        0x0 /Users/alfme/Documents/Docs/Programmering/builds/arm-compiler/bin/../lib/gcc/arm-none-eabi/5.4.1/../../../../arm-none-eabi/lib/armv7-m/libc_nano.a(lib_a-impure.o)
 .data._impure_ptr
                0x0000000000000000        0x4 /Users/alfme/Documents/Docs/Programmering/builds/arm-compiler/bin/../lib/gcc/arm-none-eabi/5.4.1/../../../../arm-none-eabi/lib/armv7-m/libc_nano.a(lib_a-impure.o)
 .text          0x0000000000000000        0x0 /Users/alfme/Documents/Docs/Programmering/builds/arm-compiler/bin/../lib/gcc/arm-none-eabi/5.4.1/../../../../arm-none-eabi/lib/armv7-m/libc_nano.a(lib_a-init.o)
 .data          0x0000000000000000        0x0 /Users/alfme/Documents/Docs/Programmering/builds/arm-compiler/bin/../lib/gcc/arm-none-eabi/5.4.1/../../../../arm-none-eabi/lib/armv7-m/libc_nano.a(lib_a-init.o)
 .bss           0x0000000000000000        0x0 /Users/alfme/Documents/Docs/Programmering/builds/arm-compiler/bin/../lib/gcc/arm-none-eabi/5.4.1/../../../../arm-none-eabi/lib/armv7-m/libc_nano.a(lib_a-init.o)
 .text          0x0000000000000000        0x0 /Users/alfme/Documents/Docs/Programmering/builds/arm-compiler/bin/../lib/gcc/arm-none-eabi/5.4.1/../../../../arm-none-eabi/lib/armv7-m/libc_nano.a(lib_a-memset.o)
 .data          0x0000000000000000        0x0 /Users/alfme/Documents/Docs/Programmering/builds/arm-compiler/bin/../lib/gcc/arm-none-eabi/5.4.1/../../../../arm-none-eabi/lib/armv7-m/libc_nano.a(lib_a-memset.o)
 .bss           0x0000000000000000        0x0 /Users/alfme/Documents/Docs/Programmering/builds/arm-compiler/bin/../lib/gcc/arm-none-eabi/5.4.1/../../../../arm-none-eabi/lib/armv7-m/libc_nano.a(lib_a-memset.o)
 .text          0x0000000000000000        0x0 /Users/alfme/Documents/Docs/Programmering/builds/arm-compiler/bin/../lib/gcc/arm-none-eabi/5.4.1/../../../../arm-none-eabi/lib/armv7-m/libnosys.a(_exit.o)
 .data          0x0000000000000000        0x0 /Users/alfme/Documents/Docs/Programmering/builds/arm-compiler/bin/../lib/gcc/arm-none-eabi/5.4.1/../../../../arm-none-eabi/lib/armv7-m/libnosys.a(_exit.o)
 .bss           0x0000000000000000        0x0 /Users/alfme/Documents/Docs/Programmering/builds/arm-compiler/bin/../lib/gcc/arm-none-eabi/5.4.1/../../../../arm-none-eabi/lib/armv7-m/libnosys.a(_exit.o)
 .text          0x0000000000000000        0x0 /Users/alfme/Documents/Docs/Programmering/builds/arm-compiler/bin/../lib/gcc/arm-none-eabi/5.4.1/armv7-m/crtend.o
 .data          0x0000000000000000        0x0 /Users/alfme/Documents/Docs/Programmering/builds/arm-compiler/bin/../lib/gcc/arm-none-eabi/5.4.1/armv7-m/crtend.o
 .bss           0x0000000000000000        0x0 /Users/alfme/Documents/Docs/Programmering/builds/arm-compiler/bin/../lib/gcc/arm-none-eabi/5.4.1/armv7-m/crtend.o
 .text          0x0000000000000000        0x0 /Users/alfme/Documents/Docs/Programmering/builds/arm-compiler/bin/../lib/gcc/arm-none-eabi/5.4.1/armv7-m/crtn.o
 .data          0x0000000000000000        0x0 /Users/alfme/Documents/Docs/Programmering/builds/arm-compiler/bin/../lib/gcc/arm-none-eabi/5.4.1/armv7-m/crtn.o
 .bss           0x0000000000000000        0x0 /Users/alfme/Documents/Docs/Programmering/builds/arm-compiler/bin/../lib/gcc/arm-none-eabi/5.4.1/armv7-m/crtn.o

Memory Configuration

Name             Origin             Length             Attributes
FLASH            0x0000000000000000 0x0000000000100000 xr
RAM              0x0000000020000000 0x0000000000020000 xrw
*default*        0x0000000000000000 0xffffffffffffffff

Linker script and memory map

LOAD /Users/alfme/Documents/Docs/Programmering/builds/arm-compiler/bin/../lib/gcc/arm-none-eabi/5.4.1/armv7-m/crti.o
LOAD /Users/alfme/Documents/Docs/Programmering/builds/arm-compiler/bin/../lib/gcc/arm-none-eabi/5.4.1/armv7-m/crtbegin.o
LOAD /Users/alfme/Documents/Docs/Programmering/builds/arm-compiler/bin/../lib/gcc/arm-none-eabi/5.4.1/../../../../arm-none-eabi/lib/armv7-m/crt0.o

.text           0x0000000000000000     0x1088
 *(.vectors)
 .vectors       0x0000000000000000       0xdc libdevice.a(startup_efm32gg.S.obj)
                0x0000000000000000                __Vectors
                0x00000000000000dc                __Vectors_End = .
                0x00000000000000dc                __Vectors_Size = (__Vectors_End - __Vectors)
                0x00000000000000dc                __end__ = .
 *(.text*)
 .text          0x00000000000000dc       0x5c /Users/alfme/Documents/Docs/Programmering/builds/arm-compiler/bin/../lib/gcc/arm-none-eabi/5.4.1/armv7-m/crtbegin.o
 .text          0x0000000000000138       0x74 /Users/alfme/Documents/Docs/Programmering/builds/arm-compiler/bin/../lib/gcc/arm-none-eabi/5.4.1/../../../../arm-none-eabi/lib/armv7-m/crt0.o
                0x0000000000000138                _mainCRTStartup
                0x0000000000000138                _start
 .text.SYSTEM_GetProdRev
                0x00000000000001ac       0x14 CMakeFiles/efm32-test.dir/source/main.c.obj
 .text.CHIP_Init
                0x00000000000001c0       0x44 CMakeFiles/efm32-test.dir/source/main.c.obj
 .text.SysTick_Handler
                0x0000000000000204       0x14 CMakeFiles/efm32-test.dir/source/main.c.obj
                0x0000000000000204                SysTick_Handler
 .text.blink    0x0000000000000218       0x50 CMakeFiles/efm32-test.dir/source/main.c.obj
                0x0000000000000218                blink
 .text.main     0x0000000000000268       0x1c CMakeFiles/efm32-test.dir/source/main.c.obj
                0x0000000000000268                main
 .text.NVIC_DisableIRQ
                0x0000000000000284       0x30 CMakeFiles/efm32-test.dir/source/i2c.c.obj
 .text.I2C_IntClear
                0x00000000000002b4       0x14 CMakeFiles/efm32-test.dir/source/i2c.c.obj
 .text.I2C_IntDisable
                0x00000000000002c8       0x1c CMakeFiles/efm32-test.dir/source/i2c.c.obj
 .text.RTC_IntClear
                0x00000000000002e4       0x14 CMakeFiles/efm32-test.dir/source/i2c.c.obj
 .text.disableI2CInterrupts
                0x00000000000002f8       0x24 CMakeFiles/efm32-test.dir/source/i2c.c.obj
                0x00000000000002f8                disableI2CInterrupts
 .text.RTC_IRQHandler
                0x000000000000031c       0x30 CMakeFiles/efm32-test.dir/source/i2c.c.obj
                0x000000000000031c                RTC_IRQHandler
 .text.I2C0_IRQHandler
                0x000000000000034c       0x88 CMakeFiles/efm32-test.dir/source/i2c.c.obj
                0x000000000000034c                I2C0_IRQHandler
 .text          0x00000000000003d4       0x30 libdevice.a(startup_efm32gg.S.obj)
                0x00000000000003d4                Reset_Handler
                0x0000000000000400                DebugMon_Handler
                0x0000000000000400                USART0_TX_IRQHandler
                0x0000000000000400                HardFault_Handler
                0x0000000000000400                LEUART1_IRQHandler
                0x0000000000000400                USART1_RX_IRQHandler
                0x0000000000000400                PendSV_Handler
                0x0000000000000400                NMI_Handler
                0x0000000000000400                I2C1_IRQHandler
                0x0000000000000400                TIMER3_IRQHandler
                0x0000000000000400                USART1_TX_IRQHandler
                0x0000000000000400                MSC_IRQHandler
                0x0000000000000400                ADC0_IRQHandler
                0x0000000000000400                UsageFault_Handler
                0x0000000000000400                LEUART0_IRQHandler
                0x0000000000000400                GPIO_EVEN_IRQHandler
                0x0000000000000400                UART0_TX_IRQHandler
                0x0000000000000400                UART1_TX_IRQHandler
                0x0000000000000400                TIMER0_IRQHandler
                0x0000000000000400                LCD_IRQHandler
                0x0000000000000400                PCNT2_IRQHandler
                0x0000000000000400                UART0_RX_IRQHandler
                0x0000000000000400                LETIMER0_IRQHandler
                0x0000000000000400                TIMER1_IRQHandler
                0x0000000000000400                USART2_RX_IRQHandler
                0x0000000000000400                Default_Handler
                0x0000000000000400                EMU_IRQHandler
                0x0000000000000400                PCNT0_IRQHandler
                0x0000000000000400                USB_IRQHandler
                0x0000000000000400                BURTC_IRQHandler
                0x0000000000000400                PCNT1_IRQHandler
                0x0000000000000400                ACMP0_IRQHandler
                0x0000000000000400                USART0_RX_IRQHandler
                0x0000000000000400                MemManage_Handler
                0x0000000000000400                SVC_Handler
                0x0000000000000400                DAC0_IRQHandler
                0x0000000000000400                UART1_RX_IRQHandler
                0x0000000000000400                CMU_IRQHandler
                0x0000000000000400                EBI_IRQHandler
                0x0000000000000400                LESENSE_IRQHandler
                0x0000000000000400                GPIO_ODD_IRQHandler
                0x0000000000000400                AES_IRQHandler
                0x0000000000000400                VCMP_IRQHandler
                0x0000000000000400                DMA_IRQHandler
                0x0000000000000400                BusFault_Handler
                0x0000000000000400                TIMER2_IRQHandler
                0x0000000000000400                USART2_TX_IRQHandler
 .text.GetProdRev
                0x0000000000000404       0x14 libdevice.a(system_efm32gg.c.obj)
 .text.SystemCoreClockGet
                0x0000000000000418       0x34 libdevice.a(system_efm32gg.c.obj)
                0x0000000000000418                SystemCoreClockGet
 .text.SystemHFClockGet
                0x000000000000044c      0x100 libdevice.a(system_efm32gg.c.obj)
                0x000000000000044c                SystemHFClockGet
 .text.SystemInit
                0x000000000000054c        0x4 libdevice.a(system_efm32gg.c.obj)
                0x000000000000054c                SystemInit
 .text.SystemLFRCOClockGet
                0x0000000000000550        0x8 libdevice.a(system_efm32gg.c.obj)
                0x0000000000000550                SystemLFRCOClockGet
 .text.SystemULFRCOClockGet
                0x0000000000000558        0x8 libdevice.a(system_efm32gg.c.obj)
                0x0000000000000558                SystemULFRCOClockGet
 .text.SystemLFXOClockGet
                0x0000000000000560        0xc libdevice.a(system_efm32gg.c.obj)
                0x0000000000000560                SystemLFXOClockGet
 .text.BUS_RegBitWrite
                0x000000000000056c       0x24 libemlib.a(em_cmu.c.obj)
 .text.BUS_RegBitRead
                0x0000000000000590       0x20 libemlib.a(em_cmu.c.obj)
 .text.CMU_DivToLog2
                0x00000000000005b0       0x28 libemlib.a(em_cmu.c.obj)
 .text.SYSTEM_GetProdRev
                0x00000000000005d8       0x14 libemlib.a(em_cmu.c.obj)
 .text.SYSTEM_GetFamily
                0x00000000000005ec       0x14 libemlib.a(em_cmu.c.obj)
 .text.maxFreqHfle
                0x0000000000000600       0x80 libemlib.a(em_cmu.c.obj)
 .text.setHfLeConfig
                0x0000000000000680       0x60 libemlib.a(em_cmu.c.obj)
 .text.getHfLeConfig
                0x00000000000006e0       0x1c libemlib.a(em_cmu.c.obj)
 .text.auxClkGet
                0x00000000000006fc       0xb0 libemlib.a(em_cmu.c.obj)
 .text.dbgClkGet
                0x00000000000007ac       0x40 libemlib.a(em_cmu.c.obj)
 .text.lfClkGet
                0x00000000000007ec       0xe4 libemlib.a(em_cmu.c.obj)
 .text.syncReg  0x00000000000008d0       0x2c libemlib.a(em_cmu.c.obj)
 .text.usbCClkGet
                0x00000000000008fc       0x4c libemlib.a(em_cmu.c.obj)
 .text.CMU_ClockEnable
                0x0000000000000948       0xd0 libemlib.a(em_cmu.c.obj)
                0x0000000000000948                CMU_ClockEnable
 .text.CMU_ClockFreqGet
                0x0000000000000a18      0x1d4 libemlib.a(em_cmu.c.obj)
                0x0000000000000a18                CMU_ClockFreqGet
 .text.CMU_ClockSelectGet
                0x0000000000000bec      0x180 libemlib.a(em_cmu.c.obj)
                0x0000000000000bec                CMU_ClockSelectGet
 .text.GPIO_PinOutClear
                0x0000000000000d6c       0x60 libemlib.a(em_gpio.c.obj)
 .text.GPIO_PinOutSet
                0x0000000000000dcc       0x60 libemlib.a(em_gpio.c.obj)
 .text.GPIO_PinModeSet
                0x0000000000000e2c      0x138 libemlib.a(em_gpio.c.obj)
                0x0000000000000e2c                GPIO_PinModeSet
 .text.SYSTEM_ChipRevisionGet
                0x0000000000000f64       0x7c libemlib.a(em_system.c.obj)
                0x0000000000000f64                SYSTEM_ChipRevisionGet
 .text.exit     0x0000000000000fe0       0x28 /Users/alfme/Documents/Docs/Programmering/builds/arm-compiler/bin/../lib/gcc/arm-none-eabi/5.4.1/../../../../arm-none-eabi/lib/armv7-m/libc_nano.a(lib_a-exit.o)
                0x0000000000000fe0                exit
 .text.__libc_init_array
                0x0000000000001008       0x4c /Users/alfme/Documents/Docs/Programmering/builds/arm-compiler/bin/../lib/gcc/arm-none-eabi/5.4.1/../../../../arm-none-eabi/lib/armv7-m/libc_nano.a(lib_a-init.o)
                0x0000000000001008                __libc_init_array
 .text.memset   0x0000000000001054       0x10 /Users/alfme/Documents/Docs/Programmering/builds/arm-compiler/bin/../lib/gcc/arm-none-eabi/5.4.1/../../../../arm-none-eabi/lib/armv7-m/libc_nano.a(lib_a-memset.o)
                0x0000000000001054                memset
 .text._exit    0x0000000000001064        0x4 /Users/alfme/Documents/Docs/Programmering/builds/arm-compiler/bin/../lib/gcc/arm-none-eabi/5.4.1/../../../../arm-none-eabi/lib/armv7-m/libnosys.a(_exit.o)
                0x0000000000001064                _exit
 *(.init)
 .init          0x0000000000001068        0x4 /Users/alfme/Documents/Docs/Programmering/builds/arm-compiler/bin/../lib/gcc/arm-none-eabi/5.4.1/armv7-m/crti.o
                0x0000000000001068                _init
 .init          0x000000000000106c        0x8 /Users/alfme/Documents/Docs/Programmering/builds/arm-compiler/bin/../lib/gcc/arm-none-eabi/5.4.1/armv7-m/crtn.o
 *(.fini)
 .fini          0x0000000000001074        0x4 /Users/alfme/Documents/Docs/Programmering/builds/arm-compiler/bin/../lib/gcc/arm-none-eabi/5.4.1/armv7-m/crti.o
                0x0000000000001074                _fini
 .fini          0x0000000000001078        0x8 /Users/alfme/Documents/Docs/Programmering/builds/arm-compiler/bin/../lib/gcc/arm-none-eabi/5.4.1/armv7-m/crtn.o
 *crtbegin.o(.ctors)
 *crtbegin?.o(.ctors)
 *(EXCLUDE_FILE(*crtend.o *crtend?.o) .ctors)
 *(SORT(.ctors.*))
 *(.ctors)
 *crtbegin.o(.dtors)
 *crtbegin?.o(.dtors)
 *(EXCLUDE_FILE(*crtend.o *crtend?.o) .dtors)
 *(SORT(.dtors.*))
 *(.dtors)
 *(.rodata*)
 .rodata._global_impure_ptr
                0x0000000000001080        0x4 /Users/alfme/Documents/Docs/Programmering/builds/arm-compiler/bin/../lib/gcc/arm-none-eabi/5.4.1/../../../../arm-none-eabi/lib/armv7-m/libc_nano.a(lib_a-impure.o)
                0x0000000000001080                _global_impure_ptr
 *(.eh_frame*)
 .eh_frame      0x0000000000001084        0x0 /Users/alfme/Documents/Docs/Programmering/builds/arm-compiler/bin/../lib/gcc/arm-none-eabi/5.4.1/armv7-m/crtbegin.o
 .eh_frame      0x0000000000001084        0x4 /Users/alfme/Documents/Docs/Programmering/builds/arm-compiler/bin/../lib/gcc/arm-none-eabi/5.4.1/armv7-m/crtend.o

.glue_7         0x0000000000001088        0x0
 .glue_7        0x0000000000001088        0x0 linker stubs

.glue_7t        0x0000000000001088        0x0
 .glue_7t       0x0000000000001088        0x0 linker stubs

.vfp11_veneer   0x0000000000001088        0x0
 .vfp11_veneer  0x0000000000001088        0x0 linker stubs

.v4_bx          0x0000000000001088        0x0
 .v4_bx         0x0000000000001088        0x0 linker stubs

.iplt           0x0000000000001088        0x0
 .iplt          0x0000000000001088        0x0 /Users/alfme/Documents/Docs/Programmering/builds/arm-compiler/bin/../lib/gcc/arm-none-eabi/5.4.1/armv7-m/crtbegin.o

.ARM.extab
 *(.ARM.extab* .gnu.linkonce.armextab.*)
                0x0000000000001088                __exidx_start = .

.ARM.exidx      0x0000000000001088        0x8
 *(.ARM.exidx* .gnu.linkonce.armexidx.*)
 .ARM.exidx     0x0000000000001088        0x8 /Users/alfme/Documents/Docs/Programmering/builds/arm-compiler/bin/../lib/gcc/arm-none-eabi/5.4.1/../../../../arm-none-eabi/lib/armv7-m/crt0.o
                0x0000000000001090                __exidx_end = .
                0x0000000000001090                __etext = .

.rel.dyn        0x0000000000001090        0x0
 .rel.iplt      0x0000000000001090        0x0 /Users/alfme/Documents/Docs/Programmering/builds/arm-compiler/bin/../lib/gcc/arm-none-eabi/5.4.1/armv7-m/crtbegin.o

.data           0x0000000020000000       0x78 load address 0x0000000000001090
                0x0000000020000000                __data_start__ = .
 *(vtable)
 *(.data*)
 .data.SystemHFXOClock
                0x0000000020000000        0x4 libdevice.a(system_efm32gg.c.obj)
 .data.SystemLFXOClock
                0x0000000020000004        0x4 libdevice.a(system_efm32gg.c.obj)
 .data.SystemCoreClock
                0x0000000020000008        0x4 libdevice.a(system_efm32gg.c.obj)
                0x0000000020000008                SystemCoreClock
 .data.impure_data
                0x000000002000000c       0x60 /Users/alfme/Documents/Docs/Programmering/builds/arm-compiler/bin/../lib/gcc/arm-none-eabi/5.4.1/../../../../arm-none-eabi/lib/armv7-m/libc_nano.a(lib_a-impure.o)
                0x000000002000006c                . = ALIGN (0x4)
 *(.ram)
                0x000000002000006c                . = ALIGN (0x4)
                0x000000002000006c                PROVIDE (__preinit_array_start, .)
 *(.preinit_array)
                0x000000002000006c                PROVIDE (__preinit_array_end, .)
                0x000000002000006c                . = ALIGN (0x4)
                0x000000002000006c                PROVIDE (__init_array_start, .)
 *(SORT(.init_array.*))
 *(.init_array)
 .init_array    0x000000002000006c        0x4 /Users/alfme/Documents/Docs/Programmering/builds/arm-compiler/bin/../lib/gcc/arm-none-eabi/5.4.1/armv7-m/crtbegin.o
                0x0000000020000070                PROVIDE (__init_array_end, .)
                0x0000000020000070                . = ALIGN (0x4)
                [!provide]                        PROVIDE (__fini_array_start, .)
 *(SORT(.fini_array.*))
 *(.fini_array)
 .fini_array    0x0000000020000070        0x4 /Users/alfme/Documents/Docs/Programmering/builds/arm-compiler/bin/../lib/gcc/arm-none-eabi/5.4.1/armv7-m/crtbegin.o
                [!provide]                        PROVIDE (__fini_array_end, .)
 *(.jcr*)
 .jcr           0x0000000020000074        0x0 /Users/alfme/Documents/Docs/Programmering/builds/arm-compiler/bin/../lib/gcc/arm-none-eabi/5.4.1/armv7-m/crtbegin.o
 .jcr           0x0000000020000074        0x4 /Users/alfme/Documents/Docs/Programmering/builds/arm-compiler/bin/../lib/gcc/arm-none-eabi/5.4.1/armv7-m/crtend.o
                0x0000000020000078                . = ALIGN (0x4)
                0x0000000020000078                __data_end__ = .

.igot.plt       0x0000000020000078        0x0 load address 0x0000000000001108
 .igot.plt      0x0000000020000078        0x0 /Users/alfme/Documents/Docs/Programmering/builds/arm-compiler/bin/../lib/gcc/arm-none-eabi/5.4.1/armv7-m/crtbegin.o

.bss            0x0000000020000078       0x34 load address 0x0000000000001108
                0x0000000020000078                . = ALIGN (0x4)
                0x0000000020000078                __bss_start__ = .
 *(.bss*)
 .bss           0x0000000020000078       0x1c /Users/alfme/Documents/Docs/Programmering/builds/arm-compiler/bin/../lib/gcc/arm-none-eabi/5.4.1/armv7-m/crtbegin.o
 *(COMMON)
 COMMON         0x0000000020000094        0x8 CMakeFiles/efm32-test.dir/source/main.c.obj
                0x0000000020000094                i2c_rxInProgress
                0x0000000020000095                i2c_startTx
                0x0000000020000098                msTicks
 COMMON         0x000000002000009c        0xe CMakeFiles/efm32-test.dir/source/i2c.c.obj
                0x000000002000009c                i2c_rxBufferIndex
                0x00000000200000a0                i2c_rxBuffer
                0x00000000200000ac                . = ALIGN (0x4)
 *fill*         0x00000000200000aa        0x2 
                0x00000000200000ac                __bss_end__ = .

.heap           0x00000000200000b0      0xc00
                0x00000000200000b0                __HeapBase = .
                0x00000000200000b0                __end__ = .
                0x00000000200000b0                end = __end__
                0x00000000200000b0                _end = __end__
 *(.heap*)
 .heap          0x00000000200000b0      0xc00 libdevice.a(startup_efm32gg.S.obj)
                0x0000000020000cb0                __HeapLimit = .

.stack_dummy    0x00000000200000b0      0x400
 *(.stack*)
 .stack         0x00000000200000b0      0x400 libdevice.a(startup_efm32gg.S.obj)
                0x0000000020020000                __StackTop = (ORIGIN (RAM) + LENGTH (RAM))
                0x000000002001fc00                __StackLimit = (__StackTop - SIZEOF (.stack_dummy))
                0x0000000020020000                PROVIDE (__stack, __StackTop)
                0x0000000000000001                ASSERT ((__StackLimit >= __HeapLimit), region RAM overflowed with stack)
                0x0000000000000001                ASSERT ((LENGTH (FLASH) >= (__etext + SIZEOF (.data))), FLASH memory overflowed !)
LOAD CMakeFiles/efm32-test.dir/source/main.c.obj
LOAD CMakeFiles/efm32-test.dir/source/i2c.c.obj
LOAD libdevice.a
LOAD libemlib.a
LOAD /Users/alfme/Documents/Docs/Programmering/builds/arm-compiler/bin/../lib/gcc/arm-none-eabi/5.4.1/armv7-m/libgcc.a
LOAD /Users/alfme/Documents/Docs/Programmering/builds/arm-compiler/bin/../lib/gcc/arm-none-eabi/5.4.1/../../../../arm-none-eabi/lib/armv7-m/libc_nano.a
LOAD /Users/alfme/Documents/Docs/Programmering/builds/arm-compiler/bin/../lib/gcc/arm-none-eabi/5.4.1/../../../../arm-none-eabi/lib/armv7-m/libnosys.a
LOAD /Users/alfme/Documents/Docs/Programmering/builds/arm-compiler/bin/../lib/gcc/arm-none-eabi/5.4.1/armv7-m/libgcc.a
LOAD /Users/alfme/Documents/Docs/Programmering/builds/arm-compiler/bin/../lib/gcc/arm-none-eabi/5.4.1/../../../../arm-none-eabi/lib/armv7-m/libc_nano.a
LOAD /Users/alfme/Documents/Docs/Programmering/builds/arm-compiler/bin/../lib/gcc/arm-none-eabi/5.4.1/../../../../arm-none-eabi/lib/armv7-m/libnosys.a
START GROUP
LOAD /Users/alfme/Documents/Docs/Programmering/builds/arm-compiler/bin/../lib/gcc/arm-none-eabi/5.4.1/armv7-m/libgcc.a
LOAD /Users/alfme/Documents/Docs/Programmering/builds/arm-compiler/bin/../lib/gcc/arm-none-eabi/5.4.1/../../../../arm-none-eabi/lib/armv7-m/libg_nano.a
LOAD /Users/alfme/Documents/Docs/Programmering/builds/arm-compiler/bin/../lib/gcc/arm-none-eabi/5.4.1/../../../../arm-none-eabi/lib/armv7-m/libc_nano.a
END GROUP
START GROUP
LOAD /Users/alfme/Documents/Docs/Programmering/builds/arm-compiler/bin/../lib/gcc/arm-none-eabi/5.4.1/armv7-m/libgcc.a
LOAD /Users/alfme/Documents/Docs/Programmering/builds/arm-compiler/bin/../lib/gcc/arm-none-eabi/5.4.1/../../../../arm-none-eabi/lib/armv7-m/libc_nano.a
END GROUP
LOAD /Users/alfme/Documents/Docs/Programmering/builds/arm-compiler/bin/../lib/gcc/arm-none-eabi/5.4.1/armv7-m/crtend.o
LOAD /Users/alfme/Documents/Docs/Programmering/builds/arm-compiler/bin/../lib/gcc/arm-none-eabi/5.4.1/armv7-m/crtn.o
OUTPUT(efm32-test elf32-littlearm)

.ARM.attributes
                0x0000000000000000       0x29
 .ARM.attributes
                0x0000000000000000       0x1d /Users/alfme/Documents/Docs/Programmering/builds/arm-compiler/bin/../lib/gcc/arm-none-eabi/5.4.1/armv7-m/crti.o
 .ARM.attributes
                0x000000000000001d       0x2d /Users/alfme/Documents/Docs/Programmering/builds/arm-compiler/bin/../lib/gcc/arm-none-eabi/5.4.1/armv7-m/crtbegin.o
 .ARM.attributes
                0x000000000000004a       0x1b /Users/alfme/Documents/Docs/Programmering/builds/arm-compiler/bin/../lib/gcc/arm-none-eabi/5.4.1/../../../../arm-none-eabi/lib/armv7-m/crt0.o
 .ARM.attributes
                0x0000000000000065       0x33 CMakeFiles/efm32-test.dir/source/main.c.obj
 .ARM.attributes
                0x0000000000000098       0x33 CMakeFiles/efm32-test.dir/source/i2c.c.obj
 .ARM.attributes
                0x00000000000000cb       0x1b libdevice.a(startup_efm32gg.S.obj)
 .ARM.attributes
                0x00000000000000e6       0x33 libdevice.a(system_efm32gg.c.obj)
 .ARM.attributes
                0x0000000000000119       0x33 libemlib.a(em_cmu.c.obj)
 .ARM.attributes
                0x000000000000014c       0x33 libemlib.a(em_gpio.c.obj)
 .ARM.attributes
                0x000000000000017f       0x33 libemlib.a(em_system.c.obj)
 .ARM.attributes
                0x00000000000001b2       0x2d /Users/alfme/Documents/Docs/Programmering/builds/arm-compiler/bin/../lib/gcc/arm-none-eabi/5.4.1/../../../../arm-none-eabi/lib/armv7-m/libc_nano.a(lib_a-exit.o)
 .ARM.attributes
                0x00000000000001df       0x2d /Users/alfme/Documents/Docs/Programmering/builds/arm-compiler/bin/../lib/gcc/arm-none-eabi/5.4.1/../../../../arm-none-eabi/lib/armv7-m/libc_nano.a(lib_a-impure.o)
 .ARM.attributes
                0x000000000000020c       0x2d /Users/alfme/Documents/Docs/Programmering/builds/arm-compiler/bin/../lib/gcc/arm-none-eabi/5.4.1/../../../../arm-none-eabi/lib/armv7-m/libc_nano.a(lib_a-init.o)
 .ARM.attributes
                0x0000000000000239       0x2d /Users/alfme/Documents/Docs/Programmering/builds/arm-compiler/bin/../lib/gcc/arm-none-eabi/5.4.1/../../../../arm-none-eabi/lib/armv7-m/libc_nano.a(lib_a-memset.o)
 .ARM.attributes
                0x0000000000000266       0x2d /Users/alfme/Documents/Docs/Programmering/builds/arm-compiler/bin/../lib/gcc/arm-none-eabi/5.4.1/../../../../arm-none-eabi/lib/armv7-m/libnosys.a(_exit.o)
 .ARM.attributes
                0x0000000000000293       0x2d /Users/alfme/Documents/Docs/Programmering/builds/arm-compiler/bin/../lib/gcc/arm-none-eabi/5.4.1/armv7-m/crtend.o
 .ARM.attributes
                0x00000000000002c0       0x1d /Users/alfme/Documents/Docs/Programmering/builds/arm-compiler/bin/../lib/gcc/arm-none-eabi/5.4.1/armv7-m/crtn.o

.comment        0x0000000000000000       0x6e
 .comment       0x0000000000000000       0x6e CMakeFiles/efm32-test.dir/source/main.c.obj
                                         0x6f (size before relaxing)
 .comment       0x000000000000006e       0x6f CMakeFiles/efm32-test.dir/source/i2c.c.obj
 .comment       0x000000000000006e       0x6f libdevice.a(system_efm32gg.c.obj)
 .comment       0x000000000000006e       0x6f libemlib.a(em_cmu.c.obj)
 .comment       0x000000000000006e       0x6f libemlib.a(em_gpio.c.obj)
 .comment       0x000000000000006e       0x6f libemlib.a(em_system.c.obj)

.debug_info     0x0000000000000000     0x3a73
 .debug_info    0x0000000000000000      0x5bf CMakeFiles/efm32-test.dir/source/main.c.obj
 .debug_info    0x00000000000005bf     0x1063 CMakeFiles/efm32-test.dir/source/i2c.c.obj
 .debug_info    0x0000000000001622       0x93 libdevice.a(startup_efm32gg.S.obj)
 .debug_info    0x00000000000016b5      0x577 libdevice.a(system_efm32gg.c.obj)
 .debug_info    0x0000000000001c2c     0x156e libemlib.a(em_cmu.c.obj)
 .debug_info    0x000000000000319a      0x667 libemlib.a(em_gpio.c.obj)
 .debug_info    0x0000000000003801      0x272 libemlib.a(em_system.c.obj)

.debug_abbrev   0x0000000000000000      0xb48
 .debug_abbrev  0x0000000000000000      0x1d0 CMakeFiles/efm32-test.dir/source/main.c.obj
 .debug_abbrev  0x00000000000001d0      0x254 CMakeFiles/efm32-test.dir/source/i2c.c.obj
 .debug_abbrev  0x0000000000000424       0x14 libdevice.a(startup_efm32gg.S.obj)
 .debug_abbrev  0x0000000000000438      0x16b libdevice.a(system_efm32gg.c.obj)
 .debug_abbrev  0x00000000000005a3      0x2dc libemlib.a(em_cmu.c.obj)
 .debug_abbrev  0x000000000000087f      0x1c2 libemlib.a(em_gpio.c.obj)
 .debug_abbrev  0x0000000000000a41      0x107 libemlib.a(em_system.c.obj)

.debug_loc      0x0000000000000000      0xe5c
 .debug_loc     0x0000000000000000       0xd0 CMakeFiles/efm32-test.dir/source/main.c.obj
 .debug_loc     0x00000000000000d0      0x30c CMakeFiles/efm32-test.dir/source/i2c.c.obj
 .debug_loc     0x00000000000003dc       0xe0 libdevice.a(system_efm32gg.c.obj)
 .debug_loc     0x00000000000004bc      0x728 libemlib.a(em_cmu.c.obj)
 .debug_loc     0x0000000000000be4      0x220 libemlib.a(em_gpio.c.obj)
 .debug_loc     0x0000000000000e04       0x58 libemlib.a(em_system.c.obj)

.debug_aranges  0x0000000000000000      0x398
 .debug_aranges
                0x0000000000000000       0x50 CMakeFiles/efm32-test.dir/source/main.c.obj
 .debug_aranges
                0x0000000000000050       0xb0 CMakeFiles/efm32-test.dir/source/i2c.c.obj
 .debug_aranges
                0x0000000000000100       0x20 libdevice.a(startup_efm32gg.S.obj)
 .debug_aranges
                0x0000000000000120       0x70 libdevice.a(system_efm32gg.c.obj)
 .debug_aranges
                0x0000000000000190      0x170 libemlib.a(em_cmu.c.obj)
 .debug_aranges
                0x0000000000000300       0x70 libemlib.a(em_gpio.c.obj)
 .debug_aranges
                0x0000000000000370       0x28 libemlib.a(em_system.c.obj)

.debug_ranges   0x0000000000000000      0x318
 .debug_ranges  0x0000000000000000       0x40 CMakeFiles/efm32-test.dir/source/main.c.obj
 .debug_ranges  0x0000000000000040       0xa0 CMakeFiles/efm32-test.dir/source/i2c.c.obj
 .debug_ranges  0x00000000000000e0       0x60 libdevice.a(system_efm32gg.c.obj)
 .debug_ranges  0x0000000000000140      0x160 libemlib.a(em_cmu.c.obj)
 .debug_ranges  0x00000000000002a0       0x60 libemlib.a(em_gpio.c.obj)
 .debug_ranges  0x0000000000000300       0x18 libemlib.a(em_system.c.obj)

.debug_line     0x0000000000000000     0x1a06
 .debug_line    0x0000000000000000      0x2db CMakeFiles/efm32-test.dir/source/main.c.obj
 .debug_line    0x00000000000002db      0x484 CMakeFiles/efm32-test.dir/source/i2c.c.obj
 .debug_line    0x000000000000075f       0x8f libdevice.a(startup_efm32gg.S.obj)
 .debug_line    0x00000000000007ee      0x2af libdevice.a(system_efm32gg.c.obj)
 .debug_line    0x0000000000000a9d      0x9a4 libemlib.a(em_cmu.c.obj)
 .debug_line    0x0000000000001441      0x3bb libemlib.a(em_gpio.c.obj)
 .debug_line    0x00000000000017fc      0x20a libemlib.a(em_system.c.obj)

.debug_str      0x0000000000000000     0x1c73
 .debug_str     0x0000000000000000      0x713 CMakeFiles/efm32-test.dir/source/main.c.obj
                                        0x779 (size before relaxing)
 .debug_str     0x0000000000000713      0x81e CMakeFiles/efm32-test.dir/source/i2c.c.obj
                                        0xe38 (size before relaxing)
 .debug_str     0x0000000000000f31      0x1e2 libdevice.a(system_efm32gg.c.obj)
                                        0x48c (size before relaxing)
 .debug_str     0x0000000000001113      0x965 libemlib.a(em_cmu.c.obj)
                                       0x1060 (size before relaxing)
 .debug_str     0x0000000000001a78      0x165 libemlib.a(em_gpio.c.obj)
                                        0x5cf (size before relaxing)
 .debug_str     0x0000000000001bdd       0x96 libemlib.a(em_system.c.obj)
                                        0x2b3 (size before relaxing)

.debug_frame    0x0000000000000000      0x9d0
 .debug_frame   0x0000000000000000       0xac CMakeFiles/efm32-test.dir/source/main.c.obj
 .debug_frame   0x00000000000000ac      0x1e4 CMakeFiles/efm32-test.dir/source/i2c.c.obj
 .debug_frame   0x0000000000000290       0xf0 libdevice.a(system_efm32gg.c.obj)
 .debug_frame   0x0000000000000380      0x44c libemlib.a(em_cmu.c.obj)
 .debug_frame   0x00000000000007cc      0x130 libemlib.a(em_gpio.c.obj)
 .debug_frame   0x00000000000008fc       0x40 libemlib.a(em_system.c.obj)
 .debug_frame   0x000000000000093c       0x28 /Users/alfme/Documents/Docs/Programmering/builds/arm-compiler/bin/../lib/gcc/arm-none-eabi/5.4.1/../../../../arm-none-eabi/lib/armv7-m/libc_nano.a(lib_a-exit.o)
 .debug_frame   0x0000000000000964       0x2c /Users/alfme/Documents/Docs/Programmering/builds/arm-compiler/bin/../lib/gcc/arm-none-eabi/5.4.1/../../../../arm-none-eabi/lib/armv7-m/libc_nano.a(lib_a-init.o)
 .debug_frame   0x0000000000000990       0x20 /Users/alfme/Documents/Docs/Programmering/builds/arm-compiler/bin/../lib/gcc/arm-none-eabi/5.4.1/../../../../arm-none-eabi/lib/armv7-m/libc_nano.a(lib_a-memset.o)
 .debug_frame   0x00000000000009b0       0x20 /Users/alfme/Documents/Docs/Programmering/builds/arm-compiler/bin/../lib/gcc/arm-none-eabi/5.4.1/../../../../arm-none-eabi/lib/armv7-m/libnosys.a(_exit.o)
